
(⎈|N/A:N/A)tim@Timothys-MacBook-Air grocery-app % xcodebuild archive \
  -project GroceryApp/GroceryApp.xcodeproj \
  -scheme GroceryApp \
  -configuration Release \
  -archivePath ./build/GroceryApp.xcarchive
Command line invocation:
    /Applications/Xcode.app/Contents/Developer/usr/bin/xcodebuild archive -project GroceryApp/GroceryApp.xcodeproj -scheme GroceryApp -configuration Release -archivePath ./build/GroceryApp.xcarchive

--- xcodebuild: WARNING: Using the first of multiple matching destinations:
{ platform:iOS, id:dvtdevice-DVTiPhonePlaceholder-iphoneos:placeholder, name:Any iOS Device }
{ platform:iOS Simulator, id:dvtdevice-DVTiOSDeviceSimulatorPlaceholder-iphonesimulator:placeholder, name:Any iOS Simulator Device }
{ platform:macOS, arch:arm64, variant:Designed for [iPad,iPhone], id:00008132-000548DC0CE3801C, name:My Mac }
{ platform:iOS, arch:arm64, id:00008110-000A150C1E23A01E, name:Timothy’s iPhone }
{ platform:iOS Simulator, arch:arm64, id:A15FEE66-6D23-472B-8205-E48C9B09F21C, OS:18.6, name:iPad (A16) }
{ platform:iOS Simulator, arch:x86_64, id:A15FEE66-6D23-472B-8205-E48C9B09F21C, OS:18.6, name:iPad (A16) }
{ platform:iOS Simulator, arch:arm64, id:CF81CC7F-2708-4E70-B326-C43EB91D07AA, OS:26.2, name:iPad (A16) }
{ platform:iOS Simulator, arch:arm64, id:52EC5A40-73A3-4756-BEC5-F22DFDF37A87, OS:18.6, name:iPad Air 11-inch (M3) }
{ platform:iOS Simulator, arch:x86_64, id:52EC5A40-73A3-4756-BEC5-F22DFDF37A87, OS:18.6, name:iPad Air 11-inch (M3) }
{ platform:iOS Simulator, arch:arm64, id:9BD06817-0276-4C7F-AB4E-9295372F2BE2, OS:26.2, name:iPad Air 11-inch (M3) }
{ platform:iOS Simulator, arch:arm64, id:608FB0D6-A832-42E1-9388-52DA475408C9, OS:18.6, name:iPad Air 13-inch (M3) }
{ platform:iOS Simulator, arch:x86_64, id:608FB0D6-A832-42E1-9388-52DA475408C9, OS:18.6, name:iPad Air 13-inch (M3) }
{ platform:iOS Simulator, arch:arm64, id:6745A660-68A8-4E32-95AD-498358CF9A30, OS:26.2, name:iPad Air 13-inch (M3) }
{ platform:iOS Simulator, arch:arm64, id:F7A8A945-A895-4859-AA5E-32F123789B61, OS:18.6, name:iPad Pro 11-inch (M4) }
{ platform:iOS Simulator, arch:x86_64, id:F7A8A945-A895-4859-AA5E-32F123789B61, OS:18.6, name:iPad Pro 11-inch (M4) }
{ platform:iOS Simulator, arch:arm64, id:7FE2ED06-CF51-4907-9B5C-2128309E1ECE, OS:26.2, name:iPad Pro 11-inch (M5) }
{ platform:iOS Simulator, arch:arm64, id:DE2E116D-FD7D-49F7-818A-2E309C7A3E2F, OS:18.6, name:iPad Pro 13-inch (M4) }
{ platform:iOS Simulator, arch:x86_64, id:DE2E116D-FD7D-49F7-818A-2E309C7A3E2F, OS:18.6, name:iPad Pro 13-inch (M4) }
{ platform:iOS Simulator, arch:arm64, id:9E63F81F-87BE-48A7-B53A-090BE9969D38, OS:26.2, name:iPad Pro 13-inch (M5) }
{ platform:iOS Simulator, arch:arm64, id:52F3070F-7581-4A84-9044-712AA11F8A24, OS:18.6, name:iPad mini (A17 Pro) }
{ platform:iOS Simulator, arch:x86_64, id:52F3070F-7581-4A84-9044-712AA11F8A24, OS:18.6, name:iPad mini (A17 Pro) }
{ platform:iOS Simulator, arch:arm64, id:39F3CE39-F0C1-4728-A13A-945F7962B32F, OS:26.2, name:iPad mini (A17 Pro) }
{ platform:iOS Simulator, arch:arm64, id:B99E4B3D-AA5F-4C9C-916F-6A0F18C59690, OS:18.6, name:iPhone 16 }
{ platform:iOS Simulator, arch:x86_64, id:B99E4B3D-AA5F-4C9C-916F-6A0F18C59690, OS:18.6, name:iPhone 16 }
{ platform:iOS Simulator, arch:arm64, id:094B3155-C5EB-4932-A272-208EE2968119, OS:18.6, name:iPhone 16 Plus }
{ platform:iOS Simulator, arch:x86_64, id:094B3155-C5EB-4932-A272-208EE2968119, OS:18.6, name:iPhone 16 Plus }
{ platform:iOS Simulator, arch:arm64, id:990A3444-8464-4884-84BF-CA7D31952E2A, OS:18.6, name:iPhone 16 Pro }
{ platform:iOS Simulator, arch:x86_64, id:990A3444-8464-4884-84BF-CA7D31952E2A, OS:18.6, name:iPhone 16 Pro }
{ platform:iOS Simulator, arch:arm64, id:22FFAC8B-ED09-49F1-94C1-A686CA6C55F8, OS:18.6, name:iPhone 16 Pro Max }
{ platform:iOS Simulator, arch:x86_64, id:22FFAC8B-ED09-49F1-94C1-A686CA6C55F8, OS:18.6, name:iPhone 16 Pro Max }
{ platform:iOS Simulator, arch:arm64, id:B9FBB080-6DFB-419E-93D1-C407A735356B, OS:18.6, name:iPhone 16e }
{ platform:iOS Simulator, arch:x86_64, id:B9FBB080-6DFB-419E-93D1-C407A735356B, OS:18.6, name:iPhone 16e }
{ platform:iOS Simulator, arch:arm64, id:222A0C39-7186-4276-A65A-CBAFEEC07476, OS:26.2, name:iPhone 16e }
{ platform:iOS Simulator, arch:arm64, id:D761E1A5-286F-4B59-9A08-51EE352FFAB2, OS:26.2, name:iPhone 17 }
{ platform:iOS Simulator, arch:arm64, id:F6D01ABF-C9FC-4B58-B560-E801508AFEA6, OS:26.2, name:iPhone 17 Pro }
{ platform:iOS Simulator, arch:arm64, id:ED78951B-4DAA-4358-AF52-83F0352FA877, OS:26.2, name:iPhone 17 Pro Max }
{ platform:iOS Simulator, arch:arm64, id:D6E0E48C-856A-4E8D-8891-C85D992FDCF4, OS:26.2, name:iPhone Air }
ComputePackagePrebuildTargetDependencyGraph

Prepare packages

CreateBuildRequest

SendProjectDescription

CreateBuildOperation

ComputeTargetDependencyGraph
note: Building targets in dependency order
note: Target dependency graph (1 target)
    Target 'GroceryApp' in project 'GroceryApp' (no dependencies)

GatherProvisioningInputs

CreateBuildDescription

ExecuteExternalTool /Applications/Xcode.app/Contents/Developer/Toolchains/XcodeDefault.xctoolchain/usr/bin/clang -v -E -dM -isysroot /Applications/Xcode.app/Contents/Developer/Platforms/iPhoneOS.platform/Developer/SDKs/iPhoneOS26.2.sdk -x c -c /dev/null

ExecuteExternalTool /Applications/Xcode.app/Contents/Developer/usr/bin/momc --dry-run --action generate --swift-version 5.0 --sdkroot /Applications/Xcode.app/Contents/Developer/Platforms/iPhoneOS.platform/Developer/SDKs/iPhoneOS26.2.sdk --iphoneos-deployment-target 18.5 --module GroceryApp /Users/tim/Documents/workspace/swift/apps/grocery-app/GroceryApp/GroceryApp/GroceryApp.xcdatamodeld /Users/tim/Library/Developer/Xcode/DerivedData/GroceryApp-evbjlsgcparbtufznuqhiqsucvpi/Build/Intermediates.noindex/ArchiveIntermediates/GroceryApp/IntermediateBuildFilesPath/GroceryApp.build/Release-iphoneos/GroceryApp.build/DerivedSources/CoreDataGenerated/GroceryApp

ExecuteExternalTool /Applications/Xcode.app/Contents/Developer/usr/bin/actool --print-asset-tag-combinations --output-format xml1 /Users/tim/Documents/workspace/swift/apps/grocery-app/GroceryApp/GroceryApp/Assets.xcassets

ExecuteExternalTool /Applications/Xcode.app/Contents/Developer/usr/bin/actool --version --output-format xml1

ExecuteExternalTool /Applications/Xcode.app/Contents/Developer/Toolchains/XcodeDefault.xctoolchain/usr/bin/swiftc --version

ExecuteExternalTool /Applications/Xcode.app/Contents/Developer/Toolchains/XcodeDefault.xctoolchain/usr/bin/ld -version_details

Build description signature: 68f6babf07c38def68e75d6ac3be6746
Build description path: /Users/tim/Library/Developer/Xcode/DerivedData/GroceryApp-evbjlsgcparbtufznuqhiqsucvpi/Build/Intermediates.noindex/ArchiveIntermediates/GroceryApp/IntermediateBuildFilesPath/XCBuildData/68f6babf07c38def68e75d6ac3be6746.xcbuilddata
CreateBuildDirectory /Users/tim/Library/Developer/Xcode/DerivedData/GroceryApp-evbjlsgcparbtufznuqhiqsucvpi/Build/Intermediates.noindex/ArchiveIntermediates/GroceryApp/InstallationBuildProductsLocation
    cd /Users/tim/Documents/workspace/swift/apps/grocery-app/GroceryApp/GroceryApp.xcodeproj
    builtin-create-build-directory /Users/tim/Library/Developer/Xcode/DerivedData/GroceryApp-evbjlsgcparbtufznuqhiqsucvpi/Build/Intermediates.noindex/ArchiveIntermediates/GroceryApp/InstallationBuildProductsLocation

ClangStatCache /Applications/Xcode.app/Contents/Developer/Toolchains/XcodeDefault.xctoolchain/usr/bin/clang-stat-cache /Applications/Xcode.app/Contents/Developer/Platforms/iPhoneOS.platform/Developer/SDKs/iPhoneOS26.2.sdk /Users/tim/Library/Developer/Xcode/DerivedData/SDKStatCaches.noindex/iphoneos26.2-23C53-3794476bd08197c3e2abd9bb477ef7f7.sdkstatcache
    cd /Users/tim/Documents/workspace/swift/apps/grocery-app/GroceryApp/GroceryApp.xcodeproj
    /Applications/Xcode.app/Contents/Developer/Toolchains/XcodeDefault.xctoolchain/usr/bin/clang-stat-cache /Applications/Xcode.app/Contents/Developer/Platforms/iPhoneOS.platform/Developer/SDKs/iPhoneOS26.2.sdk -o /Users/tim/Library/Developer/Xcode/DerivedData/SDKStatCaches.noindex/iphoneos26.2-23C53-3794476bd08197c3e2abd9bb477ef7f7.sdkstatcache

CreateBuildDirectory /Users/tim/Library/Developer/Xcode/DerivedData/GroceryApp-evbjlsgcparbtufznuqhiqsucvpi/Build/Intermediates.noindex/ArchiveIntermediates/GroceryApp/IntermediateBuildFilesPath
    cd /Users/tim/Documents/workspace/swift/apps/grocery-app/GroceryApp/GroceryApp.xcodeproj
    builtin-create-build-directory /Users/tim/Library/Developer/Xcode/DerivedData/GroceryApp-evbjlsgcparbtufznuqhiqsucvpi/Build/Intermediates.noindex/ArchiveIntermediates/GroceryApp/IntermediateBuildFilesPath

CreateBuildDirectory /Users/tim/Library/Developer/Xcode/DerivedData/GroceryApp-evbjlsgcparbtufznuqhiqsucvpi/Build/Intermediates.noindex/ArchiveIntermediates/GroceryApp/BuildProductsPath
    cd /Users/tim/Documents/workspace/swift/apps/grocery-app/GroceryApp/GroceryApp.xcodeproj
    builtin-create-build-directory /Users/tim/Library/Developer/Xcode/DerivedData/GroceryApp-evbjlsgcparbtufznuqhiqsucvpi/Build/Intermediates.noindex/ArchiveIntermediates/GroceryApp/BuildProductsPath

CreateBuildDirectory /Users/tim/Library/Developer/Xcode/DerivedData/GroceryApp-evbjlsgcparbtufznuqhiqsucvpi/Build/Intermediates.noindex/ArchiveIntermediates/GroceryApp/IntermediateBuildFilesPath/SwiftExplicitPrecompiledModules
    cd /Users/tim/Documents/workspace/swift/apps/grocery-app/GroceryApp/GroceryApp.xcodeproj
    builtin-create-build-directory /Users/tim/Library/Developer/Xcode/DerivedData/GroceryApp-evbjlsgcparbtufznuqhiqsucvpi/Build/Intermediates.noindex/ArchiveIntermediates/GroceryApp/IntermediateBuildFilesPath/SwiftExplicitPrecompiledModules

CreateBuildDirectory /Users/tim/Library/Developer/Xcode/DerivedData/GroceryApp-evbjlsgcparbtufznuqhiqsucvpi/Build/Intermediates.noindex/ArchiveIntermediates/GroceryApp/IntermediateBuildFilesPath/ExplicitPrecompiledModules
    cd /Users/tim/Documents/workspace/swift/apps/grocery-app/GroceryApp/GroceryApp.xcodeproj
    builtin-create-build-directory /Users/tim/Library/Developer/Xcode/DerivedData/GroceryApp-evbjlsgcparbtufznuqhiqsucvpi/Build/Intermediates.noindex/ArchiveIntermediates/GroceryApp/IntermediateBuildFilesPath/ExplicitPrecompiledModules

CreateBuildDirectory /Users/tim/Library/Developer/Xcode/DerivedData/GroceryApp-evbjlsgcparbtufznuqhiqsucvpi/Build/Intermediates.noindex/ArchiveIntermediates/GroceryApp/BuildProductsPath/Release-iphoneos
    cd /Users/tim/Documents/workspace/swift/apps/grocery-app/GroceryApp/GroceryApp.xcodeproj
    builtin-create-build-directory /Users/tim/Library/Developer/Xcode/DerivedData/GroceryApp-evbjlsgcparbtufznuqhiqsucvpi/Build/Intermediates.noindex/ArchiveIntermediates/GroceryApp/BuildProductsPath/Release-iphoneos

CreateBuildDirectory /Users/tim/Library/Developer/Xcode/DerivedData/GroceryApp-evbjlsgcparbtufznuqhiqsucvpi/Build/Intermediates.noindex/ArchiveIntermediates/GroceryApp/IntermediateBuildFilesPath/EagerLinkingTBDs/Release-iphoneos
    cd /Users/tim/Documents/workspace/swift/apps/grocery-app/GroceryApp/GroceryApp.xcodeproj
    builtin-create-build-directory /Users/tim/Library/Developer/Xcode/DerivedData/GroceryApp-evbjlsgcparbtufznuqhiqsucvpi/Build/Intermediates.noindex/ArchiveIntermediates/GroceryApp/IntermediateBuildFilesPath/EagerLinkingTBDs/Release-iphoneos

WriteAuxiliaryFile /Users/tim/Library/Developer/Xcode/DerivedData/GroceryApp-evbjlsgcparbtufznuqhiqsucvpi/Build/Intermediates.noindex/ArchiveIntermediates/GroceryApp/IntermediateBuildFilesPath/GroceryApp.build/Release-iphoneos/GroceryApp-126d0099f0f0442ad7282ae844374beb-VFS-iphoneos/all-product-headers.yaml
    cd /Users/tim/Documents/workspace/swift/apps/grocery-app/GroceryApp/GroceryApp.xcodeproj
    write-file /Users/tim/Library/Developer/Xcode/DerivedData/GroceryApp-evbjlsgcparbtufznuqhiqsucvpi/Build/Intermediates.noindex/ArchiveIntermediates/GroceryApp/IntermediateBuildFilesPath/GroceryApp.build/Release-iphoneos/GroceryApp-126d0099f0f0442ad7282ae844374beb-VFS-iphoneos/all-product-headers.yaml

WriteAuxiliaryFile /Users/tim/Library/Developer/Xcode/DerivedData/GroceryApp-evbjlsgcparbtufznuqhiqsucvpi/Build/Intermediates.noindex/ArchiveIntermediates/GroceryApp/IntermediateBuildFilesPath/GroceryApp.build/Release-iphoneos/GroceryApp.build/empty-GroceryApp.plist (in target 'GroceryApp' from project 'GroceryApp')
    cd /Users/tim/Documents/workspace/swift/apps/grocery-app/GroceryApp
    write-file /Users/tim/Library/Developer/Xcode/DerivedData/GroceryApp-evbjlsgcparbtufznuqhiqsucvpi/Build/Intermediates.noindex/ArchiveIntermediates/GroceryApp/IntermediateBuildFilesPath/GroceryApp.build/Release-iphoneos/GroceryApp.build/empty-GroceryApp.plist

WriteAuxiliaryFile /Users/tim/Library/Developer/Xcode/DerivedData/GroceryApp-evbjlsgcparbtufznuqhiqsucvpi/Build/Intermediates.noindex/ArchiveIntermediates/GroceryApp/IntermediateBuildFilesPath/GroceryApp.build/Release-iphoneos/GroceryApp.build/GroceryApp.hmap (in target 'GroceryApp' from project 'GroceryApp')
    cd /Users/tim/Documents/workspace/swift/apps/grocery-app/GroceryApp
    write-file /Users/tim/Library/Developer/Xcode/DerivedData/GroceryApp-evbjlsgcparbtufznuqhiqsucvpi/Build/Intermediates.noindex/ArchiveIntermediates/GroceryApp/IntermediateBuildFilesPath/GroceryApp.build/Release-iphoneos/GroceryApp.build/GroceryApp.hmap

WriteAuxiliaryFile /Users/tim/Library/Developer/Xcode/DerivedData/GroceryApp-evbjlsgcparbtufznuqhiqsucvpi/Build/Intermediates.noindex/ArchiveIntermediates/GroceryApp/IntermediateBuildFilesPath/GroceryApp.build/Release-iphoneos/GroceryApp.build/GroceryApp-own-target-headers.hmap (in target 'GroceryApp' from project 'GroceryApp')
    cd /Users/tim/Documents/workspace/swift/apps/grocery-app/GroceryApp
    write-file /Users/tim/Library/Developer/Xcode/DerivedData/GroceryApp-evbjlsgcparbtufznuqhiqsucvpi/Build/Intermediates.noindex/ArchiveIntermediates/GroceryApp/IntermediateBuildFilesPath/GroceryApp.build/Release-iphoneos/GroceryApp.build/GroceryApp-own-target-headers.hmap

WriteAuxiliaryFile /Users/tim/Library/Developer/Xcode/DerivedData/GroceryApp-evbjlsgcparbtufznuqhiqsucvpi/Build/Intermediates.noindex/ArchiveIntermediates/GroceryApp/IntermediateBuildFilesPath/GroceryApp.build/Release-iphoneos/GroceryApp.build/GroceryApp-project-headers.hmap (in target 'GroceryApp' from project 'GroceryApp')
    cd /Users/tim/Documents/workspace/swift/apps/grocery-app/GroceryApp
    write-file /Users/tim/Library/Developer/Xcode/DerivedData/GroceryApp-evbjlsgcparbtufznuqhiqsucvpi/Build/Intermediates.noindex/ArchiveIntermediates/GroceryApp/IntermediateBuildFilesPath/GroceryApp.build/Release-iphoneos/GroceryApp.build/GroceryApp-project-headers.hmap

WriteAuxiliaryFile /Users/tim/Library/Developer/Xcode/DerivedData/GroceryApp-evbjlsgcparbtufznuqhiqsucvpi/Build/Intermediates.noindex/ArchiveIntermediates/GroceryApp/IntermediateBuildFilesPath/GroceryApp.build/Release-iphoneos/GroceryApp.build/Objects-normal/arm64/GroceryApp.SwiftFileList (in target 'GroceryApp' from project 'GroceryApp')
    cd /Users/tim/Documents/workspace/swift/apps/grocery-app/GroceryApp
    write-file /Users/tim/Library/Developer/Xcode/DerivedData/GroceryApp-evbjlsgcparbtufznuqhiqsucvpi/Build/Intermediates.noindex/ArchiveIntermediates/GroceryApp/IntermediateBuildFilesPath/GroceryApp.build/Release-iphoneos/GroceryApp.build/Objects-normal/arm64/GroceryApp.SwiftFileList

WriteAuxiliaryFile /Users/tim/Library/Developer/Xcode/DerivedData/GroceryApp-evbjlsgcparbtufznuqhiqsucvpi/Build/Intermediates.noindex/ArchiveIntermediates/GroceryApp/IntermediateBuildFilesPath/GroceryApp.build/Release-iphoneos/GroceryApp.build/Objects-normal/arm64/GroceryApp-OutputFileMap.json (in target 'GroceryApp' from project 'GroceryApp')
    cd /Users/tim/Documents/workspace/swift/apps/grocery-app/GroceryApp
    write-file /Users/tim/Library/Developer/Xcode/DerivedData/GroceryApp-evbjlsgcparbtufznuqhiqsucvpi/Build/Intermediates.noindex/ArchiveIntermediates/GroceryApp/IntermediateBuildFilesPath/GroceryApp.build/Release-iphoneos/GroceryApp.build/Objects-normal/arm64/GroceryApp-OutputFileMap.json

WriteAuxiliaryFile /Users/tim/Library/Developer/Xcode/DerivedData/GroceryApp-evbjlsgcparbtufznuqhiqsucvpi/Build/Intermediates.noindex/ArchiveIntermediates/GroceryApp/IntermediateBuildFilesPath/GroceryApp.build/Release-iphoneos/GroceryApp.build/Objects-normal/arm64/GroceryApp.LinkFileList (in target 'GroceryApp' from project 'GroceryApp')
    cd /Users/tim/Documents/workspace/swift/apps/grocery-app/GroceryApp
    write-file /Users/tim/Library/Developer/Xcode/DerivedData/GroceryApp-evbjlsgcparbtufznuqhiqsucvpi/Build/Intermediates.noindex/ArchiveIntermediates/GroceryApp/IntermediateBuildFilesPath/GroceryApp.build/Release-iphoneos/GroceryApp.build/Objects-normal/arm64/GroceryApp.LinkFileList

WriteAuxiliaryFile /Users/tim/Library/Developer/Xcode/DerivedData/GroceryApp-evbjlsgcparbtufznuqhiqsucvpi/Build/Intermediates.noindex/ArchiveIntermediates/GroceryApp/IntermediateBuildFilesPath/GroceryApp.build/Release-iphoneos/GroceryApp.build/Objects-normal/arm64/GroceryApp.SwiftConstValuesFileList (in target 'GroceryApp' from project 'GroceryApp')
    cd /Users/tim/Documents/workspace/swift/apps/grocery-app/GroceryApp
    write-file /Users/tim/Library/Developer/Xcode/DerivedData/GroceryApp-evbjlsgcparbtufznuqhiqsucvpi/Build/Intermediates.noindex/ArchiveIntermediates/GroceryApp/IntermediateBuildFilesPath/GroceryApp.build/Release-iphoneos/GroceryApp.build/Objects-normal/arm64/GroceryApp.SwiftConstValuesFileList

WriteAuxiliaryFile /Users/tim/Library/Developer/Xcode/DerivedData/GroceryApp-evbjlsgcparbtufznuqhiqsucvpi/Build/Intermediates.noindex/ArchiveIntermediates/GroceryApp/IntermediateBuildFilesPath/GroceryApp.build/Release-iphoneos/GroceryApp.build/Objects-normal/arm64/GroceryApp_const_extract_protocols.json (in target 'GroceryApp' from project 'GroceryApp')
    cd /Users/tim/Documents/workspace/swift/apps/grocery-app/GroceryApp
    write-file /Users/tim/Library/Developer/Xcode/DerivedData/GroceryApp-evbjlsgcparbtufznuqhiqsucvpi/Build/Intermediates.noindex/ArchiveIntermediates/GroceryApp/IntermediateBuildFilesPath/GroceryApp.build/Release-iphoneos/GroceryApp.build/Objects-normal/arm64/GroceryApp_const_extract_protocols.json

WriteAuxiliaryFile /Users/tim/Library/Developer/Xcode/DerivedData/GroceryApp-evbjlsgcparbtufznuqhiqsucvpi/Build/Intermediates.noindex/ArchiveIntermediates/GroceryApp/IntermediateBuildFilesPath/GroceryApp.build/Release-iphoneos/GroceryApp.build/GroceryApp.DependencyStaticMetadataFileList (in target 'GroceryApp' from project 'GroceryApp')
    cd /Users/tim/Documents/workspace/swift/apps/grocery-app/GroceryApp
    write-file /Users/tim/Library/Developer/Xcode/DerivedData/GroceryApp-evbjlsgcparbtufznuqhiqsucvpi/Build/Intermediates.noindex/ArchiveIntermediates/GroceryApp/IntermediateBuildFilesPath/GroceryApp.build/Release-iphoneos/GroceryApp.build/GroceryApp.DependencyStaticMetadataFileList

WriteAuxiliaryFile /Users/tim/Library/Developer/Xcode/DerivedData/GroceryApp-evbjlsgcparbtufznuqhiqsucvpi/Build/Intermediates.noindex/ArchiveIntermediates/GroceryApp/IntermediateBuildFilesPath/GroceryApp.build/Release-iphoneos/GroceryApp.build/GroceryApp.DependencyMetadataFileList (in target 'GroceryApp' from project 'GroceryApp')
    cd /Users/tim/Documents/workspace/swift/apps/grocery-app/GroceryApp
    write-file /Users/tim/Library/Developer/Xcode/DerivedData/GroceryApp-evbjlsgcparbtufznuqhiqsucvpi/Build/Intermediates.noindex/ArchiveIntermediates/GroceryApp/IntermediateBuildFilesPath/GroceryApp.build/Release-iphoneos/GroceryApp.build/GroceryApp.DependencyMetadataFileList

WriteAuxiliaryFile /Users/tim/Library/Developer/Xcode/DerivedData/GroceryApp-evbjlsgcparbtufznuqhiqsucvpi/Build/Intermediates.noindex/ArchiveIntermediates/GroceryApp/IntermediateBuildFilesPath/GroceryApp.build/Release-iphoneos/GroceryApp.build/GroceryApp-generated-files.hmap (in target 'GroceryApp' from project 'GroceryApp')
    cd /Users/tim/Documents/workspace/swift/apps/grocery-app/GroceryApp
    write-file /Users/tim/Library/Developer/Xcode/DerivedData/GroceryApp-evbjlsgcparbtufznuqhiqsucvpi/Build/Intermediates.noindex/ArchiveIntermediates/GroceryApp/IntermediateBuildFilesPath/GroceryApp.build/Release-iphoneos/GroceryApp.build/GroceryApp-generated-files.hmap

WriteAuxiliaryFile /Users/tim/Library/Developer/Xcode/DerivedData/GroceryApp-evbjlsgcparbtufznuqhiqsucvpi/Build/Intermediates.noindex/ArchiveIntermediates/GroceryApp/IntermediateBuildFilesPath/GroceryApp.build/Release-iphoneos/GroceryApp.build/GroceryApp-all-target-headers.hmap (in target 'GroceryApp' from project 'GroceryApp')
    cd /Users/tim/Documents/workspace/swift/apps/grocery-app/GroceryApp
    write-file /Users/tim/Library/Developer/Xcode/DerivedData/GroceryApp-evbjlsgcparbtufznuqhiqsucvpi/Build/Intermediates.noindex/ArchiveIntermediates/GroceryApp/IntermediateBuildFilesPath/GroceryApp.build/Release-iphoneos/GroceryApp.build/GroceryApp-all-target-headers.hmap

WriteAuxiliaryFile /Users/tim/Library/Developer/Xcode/DerivedData/GroceryApp-evbjlsgcparbtufznuqhiqsucvpi/Build/Intermediates.noindex/ArchiveIntermediates/GroceryApp/IntermediateBuildFilesPath/GroceryApp.build/Release-iphoneos/GroceryApp.build/GroceryApp-all-non-framework-target-headers.hmap (in target 'GroceryApp' from project 'GroceryApp')
    cd /Users/tim/Documents/workspace/swift/apps/grocery-app/GroceryApp
    write-file /Users/tim/Library/Developer/Xcode/DerivedData/GroceryApp-evbjlsgcparbtufznuqhiqsucvpi/Build/Intermediates.noindex/ArchiveIntermediates/GroceryApp/IntermediateBuildFilesPath/GroceryApp.build/Release-iphoneos/GroceryApp.build/GroceryApp-all-non-framework-target-headers.hmap

SymLink /Users/tim/Library/Developer/Xcode/DerivedData/GroceryApp-evbjlsgcparbtufznuqhiqsucvpi/Build/Intermediates.noindex/ArchiveIntermediates/GroceryApp/BuildProductsPath/Release-iphoneos/GroceryApp.app ../../InstallationBuildProductsLocation/Applications/GroceryApp.app (in target 'GroceryApp' from project 'GroceryApp')
    cd /Users/tim/Documents/workspace/swift/apps/grocery-app/GroceryApp
    /bin/ln -sfh ../../InstallationBuildProductsLocation/Applications/GroceryApp.app /Users/tim/Library/Developer/Xcode/DerivedData/GroceryApp-evbjlsgcparbtufznuqhiqsucvpi/Build/Intermediates.noindex/ArchiveIntermediates/GroceryApp/BuildProductsPath/Release-iphoneos/GroceryApp.app

WriteAuxiliaryFile /Users/tim/Library/Developer/Xcode/DerivedData/GroceryApp-evbjlsgcparbtufznuqhiqsucvpi/Build/Intermediates.noindex/ArchiveIntermediates/GroceryApp/IntermediateBuildFilesPath/GroceryApp.build/Release-iphoneos/GroceryApp.build/DerivedSources/Entitlements.plist (in target 'GroceryApp' from project 'GroceryApp')
    cd /Users/tim/Documents/workspace/swift/apps/grocery-app/GroceryApp
    write-file /Users/tim/Library/Developer/Xcode/DerivedData/GroceryApp-evbjlsgcparbtufznuqhiqsucvpi/Build/Intermediates.noindex/ArchiveIntermediates/GroceryApp/IntermediateBuildFilesPath/GroceryApp.build/Release-iphoneos/GroceryApp.build/DerivedSources/Entitlements.plist

MkDir /Users/tim/Library/Developer/Xcode/DerivedData/GroceryApp-evbjlsgcparbtufznuqhiqsucvpi/Build/Intermediates.noindex/ArchiveIntermediates/GroceryApp/InstallationBuildProductsLocation/Applications/GroceryApp.app (in target 'GroceryApp' from project 'GroceryApp')
    cd /Users/tim/Documents/workspace/swift/apps/grocery-app/GroceryApp
    /bin/mkdir -p /Users/tim/Library/Developer/Xcode/DerivedData/GroceryApp-evbjlsgcparbtufznuqhiqsucvpi/Build/Intermediates.noindex/ArchiveIntermediates/GroceryApp/InstallationBuildProductsLocation/Applications/GroceryApp.app

ProcessProductPackaging "" /Users/tim/Library/Developer/Xcode/DerivedData/GroceryApp-evbjlsgcparbtufznuqhiqsucvpi/Build/Intermediates.noindex/ArchiveIntermediates/GroceryApp/IntermediateBuildFilesPath/GroceryApp.build/Release-iphoneos/GroceryApp.build/GroceryApp.app.xcent (in target 'GroceryApp' from project 'GroceryApp')
    cd /Users/tim/Documents/workspace/swift/apps/grocery-app/GroceryApp
    
    Entitlements:
    
    {
    "application-identifier" = "4XJNBSJ5AQ.com.inquisitivefrog.GroceryShopping";
    "com.apple.developer.team-identifier" = 4XJNBSJ5AQ;
    "get-task-allow" = 1;
}
    
    builtin-productPackagingUtility -entitlements -format xml -o /Users/tim/Library/Developer/Xcode/DerivedData/GroceryApp-evbjlsgcparbtufznuqhiqsucvpi/Build/Intermediates.noindex/ArchiveIntermediates/GroceryApp/IntermediateBuildFilesPath/GroceryApp.build/Release-iphoneos/GroceryApp.build/GroceryApp.app.xcent

ProcessProductPackaging /Users/tim/Library/Developer/Xcode/UserData/Provisioning\ Profiles/a66c1556-45e3-473f-8761-74122302dfa1.mobileprovision /Users/tim/Library/Developer/Xcode/DerivedData/GroceryApp-evbjlsgcparbtufznuqhiqsucvpi/Build/Intermediates.noindex/ArchiveIntermediates/GroceryApp/InstallationBuildProductsLocation/Applications/GroceryApp.app/embedded.mobileprovision (in target 'GroceryApp' from project 'GroceryApp')
    cd /Users/tim/Documents/workspace/swift/apps/grocery-app/GroceryApp
    builtin-productPackagingUtility /Users/tim/Library/Developer/Xcode/UserData/Provisioning\ Profiles/a66c1556-45e3-473f-8761-74122302dfa1.mobileprovision -o /Users/tim/Library/Developer/Xcode/DerivedData/GroceryApp-evbjlsgcparbtufznuqhiqsucvpi/Build/Intermediates.noindex/ArchiveIntermediates/GroceryApp/InstallationBuildProductsLocation/Applications/GroceryApp.app/embedded.mobileprovision

ProcessProductPackagingDER /Users/tim/Library/Developer/Xcode/DerivedData/GroceryApp-evbjlsgcparbtufznuqhiqsucvpi/Build/Intermediates.noindex/ArchiveIntermediates/GroceryApp/IntermediateBuildFilesPath/GroceryApp.build/Release-iphoneos/GroceryApp.build/GroceryApp.app.xcent /Users/tim/Library/Developer/Xcode/DerivedData/GroceryApp-evbjlsgcparbtufznuqhiqsucvpi/Build/Intermediates.noindex/ArchiveIntermediates/GroceryApp/IntermediateBuildFilesPath/GroceryApp.build/Release-iphoneos/GroceryApp.build/GroceryApp.app.xcent.der (in target 'GroceryApp' from project 'GroceryApp')
    cd /Users/tim/Documents/workspace/swift/apps/grocery-app/GroceryApp
    /usr/bin/derq query -f xml -i /Users/tim/Library/Developer/Xcode/DerivedData/GroceryApp-evbjlsgcparbtufznuqhiqsucvpi/Build/Intermediates.noindex/ArchiveIntermediates/GroceryApp/IntermediateBuildFilesPath/GroceryApp.build/Release-iphoneos/GroceryApp.build/GroceryApp.app.xcent -o /Users/tim/Library/Developer/Xcode/DerivedData/GroceryApp-evbjlsgcparbtufznuqhiqsucvpi/Build/Intermediates.noindex/ArchiveIntermediates/GroceryApp/IntermediateBuildFilesPath/GroceryApp.build/Release-iphoneos/GroceryApp.build/GroceryApp.app.xcent.der --raw

MkDir /Users/tim/Library/Developer/Xcode/DerivedData/GroceryApp-evbjlsgcparbtufznuqhiqsucvpi/Build/Intermediates.noindex/ArchiveIntermediates/GroceryApp/IntermediateBuildFilesPath/GroceryApp.build/Release-iphoneos/GroceryApp.build/assetcatalog_output/thinned (in target 'GroceryApp' from project 'GroceryApp')
    cd /Users/tim/Documents/workspace/swift/apps/grocery-app/GroceryApp
    /bin/mkdir -p /Users/tim/Library/Developer/Xcode/DerivedData/GroceryApp-evbjlsgcparbtufznuqhiqsucvpi/Build/Intermediates.noindex/ArchiveIntermediates/GroceryApp/IntermediateBuildFilesPath/GroceryApp.build/Release-iphoneos/GroceryApp.build/assetcatalog_output/thinned

MkDir /Users/tim/Library/Developer/Xcode/DerivedData/GroceryApp-evbjlsgcparbtufznuqhiqsucvpi/Build/Intermediates.noindex/ArchiveIntermediates/GroceryApp/IntermediateBuildFilesPath/GroceryApp.build/Release-iphoneos/GroceryApp.build/assetcatalog_output/unthinned (in target 'GroceryApp' from project 'GroceryApp')
    cd /Users/tim/Documents/workspace/swift/apps/grocery-app/GroceryApp
    /bin/mkdir -p /Users/tim/Library/Developer/Xcode/DerivedData/GroceryApp-evbjlsgcparbtufznuqhiqsucvpi/Build/Intermediates.noindex/ArchiveIntermediates/GroceryApp/IntermediateBuildFilesPath/GroceryApp.build/Release-iphoneos/GroceryApp.build/assetcatalog_output/unthinned

GenerateAssetSymbols /Users/tim/Documents/workspace/swift/apps/grocery-app/GroceryApp/GroceryApp/Assets.xcassets (in target 'GroceryApp' from project 'GroceryApp')
    cd /Users/tim/Documents/workspace/swift/apps/grocery-app/GroceryApp
    /Applications/Xcode.app/Contents/Developer/usr/bin/actool /Users/tim/Documents/workspace/swift/apps/grocery-app/GroceryApp/GroceryApp/Assets.xcassets --compile /Users/tim/Library/Developer/Xcode/DerivedData/GroceryApp-evbjlsgcparbtufznuqhiqsucvpi/Build/Intermediates.noindex/ArchiveIntermediates/GroceryApp/InstallationBuildProductsLocation/Applications/GroceryApp.app --output-format human-readable-text --notices --warnings --export-dependency-info /Users/tim/Library/Developer/Xcode/DerivedData/GroceryApp-evbjlsgcparbtufznuqhiqsucvpi/Build/Intermediates.noindex/ArchiveIntermediates/GroceryApp/IntermediateBuildFilesPath/GroceryApp.build/Release-iphoneos/GroceryApp.build/assetcatalog_dependencies --output-partial-info-plist /Users/tim/Library/Developer/Xcode/DerivedData/GroceryApp-evbjlsgcparbtufznuqhiqsucvpi/Build/Intermediates.noindex/ArchiveIntermediates/GroceryApp/IntermediateBuildFilesPath/GroceryApp.build/Release-iphoneos/GroceryApp.build/assetcatalog_generated_info.plist --app-icon AppIcon --accent-color AccentColor --compress-pngs --enable-on-demand-resources YES --development-region en --target-device iphone --target-device ipad --minimum-deployment-target 18.5 --platform iphoneos --bundle-identifier com.inquisitivefrog.GroceryShopping --generate-swift-asset-symbols /Users/tim/Library/Developer/Xcode/DerivedData/GroceryApp-evbjlsgcparbtufznuqhiqsucvpi/Build/Intermediates.noindex/ArchiveIntermediates/GroceryApp/IntermediateBuildFilesPath/GroceryApp.build/Release-iphoneos/GroceryApp.build/DerivedSources/GeneratedAssetSymbols.swift --generate-objc-asset-symbols /Users/tim/Library/Developer/Xcode/DerivedData/GroceryApp-evbjlsgcparbtufznuqhiqsucvpi/Build/Intermediates.noindex/ArchiveIntermediates/GroceryApp/IntermediateBuildFilesPath/GroceryApp.build/Release-iphoneos/GroceryApp.build/DerivedSources/GeneratedAssetSymbols.h --generate-asset-symbol-index /Users/tim/Library/Developer/Xcode/DerivedData/GroceryApp-evbjlsgcparbtufznuqhiqsucvpi/Build/Intermediates.noindex/ArchiveIntermediates/GroceryApp/IntermediateBuildFilesPath/GroceryApp.build/Release-iphoneos/GroceryApp.build/DerivedSources/GeneratedAssetSymbols-Index.plist
/* com.apple.actool.compilation-results */
/Users/tim/Library/Developer/Xcode/DerivedData/GroceryApp-evbjlsgcparbtufznuqhiqsucvpi/Build/Intermediates.noindex/ArchiveIntermediates/GroceryApp/IntermediateBuildFilesPath/GroceryApp.build/Release-iphoneos/GroceryApp.build/DerivedSources/GeneratedAssetSymbols-Index.plist
/Users/tim/Library/Developer/Xcode/DerivedData/GroceryApp-evbjlsgcparbtufznuqhiqsucvpi/Build/Intermediates.noindex/ArchiveIntermediates/GroceryApp/IntermediateBuildFilesPath/GroceryApp.build/Release-iphoneos/GroceryApp.build/DerivedSources/GeneratedAssetSymbols.h
/Users/tim/Library/Developer/Xcode/DerivedData/GroceryApp-evbjlsgcparbtufznuqhiqsucvpi/Build/Intermediates.noindex/ArchiveIntermediates/GroceryApp/IntermediateBuildFilesPath/GroceryApp.build/Release-iphoneos/GroceryApp.build/DerivedSources/GeneratedAssetSymbols.swift


DataModelCompile /Users/tim/Library/Developer/Xcode/DerivedData/GroceryApp-evbjlsgcparbtufznuqhiqsucvpi/Build/Intermediates.noindex/ArchiveIntermediates/GroceryApp/InstallationBuildProductsLocation/Applications/GroceryApp.app/ /Users/tim/Documents/workspace/swift/apps/grocery-app/GroceryApp/GroceryApp/GroceryApp.xcdatamodeld (in target 'GroceryApp' from project 'GroceryApp')
    cd /Users/tim/Documents/workspace/swift/apps/grocery-app/GroceryApp
    /Applications/Xcode.app/Contents/Developer/usr/bin/momc --sdkroot /Applications/Xcode.app/Contents/Developer/Platforms/iPhoneOS.platform/Developer/SDKs/iPhoneOS26.2.sdk --iphoneos-deployment-target 18.5 --module GroceryApp /Users/tim/Documents/workspace/swift/apps/grocery-app/GroceryApp/GroceryApp/GroceryApp.xcdatamodeld /Users/tim/Library/Developer/Xcode/DerivedData/GroceryApp-evbjlsgcparbtufznuqhiqsucvpi/Build/Intermediates.noindex/ArchiveIntermediates/GroceryApp/InstallationBuildProductsLocation/Applications/GroceryApp.app/
GroceryApp.xcdatamodel: note: Model GroceryApp version checksum: TgrBHmcWhkPN205F/buQ7SrMJFI+kY8LGlU58WHSNho=

CompileAssetCatalogVariant thinned /Users/tim/Library/Developer/Xcode/DerivedData/GroceryApp-evbjlsgcparbtufznuqhiqsucvpi/Build/Intermediates.noindex/ArchiveIntermediates/GroceryApp/InstallationBuildProductsLocation/Applications/GroceryApp.app /Users/tim/Documents/workspace/swift/apps/grocery-app/GroceryApp/GroceryApp/Assets.xcassets (in target 'GroceryApp' from project 'GroceryApp')
    cd /Users/tim/Documents/workspace/swift/apps/grocery-app/GroceryApp
    /Applications/Xcode.app/Contents/Developer/usr/bin/actool /Users/tim/Documents/workspace/swift/apps/grocery-app/GroceryApp/GroceryApp/Assets.xcassets --compile /Users/tim/Library/Developer/Xcode/DerivedData/GroceryApp-evbjlsgcparbtufznuqhiqsucvpi/Build/Intermediates.noindex/ArchiveIntermediates/GroceryApp/IntermediateBuildFilesPath/GroceryApp.build/Release-iphoneos/GroceryApp.build/assetcatalog_output/thinned --output-format human-readable-text --notices --warnings --export-dependency-info /Users/tim/Library/Developer/Xcode/DerivedData/GroceryApp-evbjlsgcparbtufznuqhiqsucvpi/Build/Intermediates.noindex/ArchiveIntermediates/GroceryApp/IntermediateBuildFilesPath/GroceryApp.build/Release-iphoneos/GroceryApp.build/assetcatalog_dependencies_thinned --output-partial-info-plist /Users/tim/Library/Developer/Xcode/DerivedData/GroceryApp-evbjlsgcparbtufznuqhiqsucvpi/Build/Intermediates.noindex/ArchiveIntermediates/GroceryApp/IntermediateBuildFilesPath/GroceryApp.build/Release-iphoneos/GroceryApp.build/assetcatalog_generated_info.plist_thinned --app-icon AppIcon --accent-color AccentColor --compress-pngs --enable-on-demand-resources YES --development-region en --target-device iphone --target-device ipad --minimum-deployment-target 18.5 --platform iphoneos
/* com.apple.actool.compilation-results */
/Users/tim/Library/Developer/Xcode/DerivedData/GroceryApp-evbjlsgcparbtufznuqhiqsucvpi/Build/Intermediates.noindex/ArchiveIntermediates/GroceryApp/IntermediateBuildFilesPath/GroceryApp.build/Release-iphoneos/GroceryApp.build/assetcatalog_generated_info.plist_thinned
/Users/tim/Library/Developer/Xcode/DerivedData/GroceryApp-evbjlsgcparbtufznuqhiqsucvpi/Build/Intermediates.noindex/ArchiveIntermediates/GroceryApp/IntermediateBuildFilesPath/GroceryApp.build/Release-iphoneos/GroceryApp.build/assetcatalog_output/thinned/Assets.car


SwiftDriver GroceryApp normal arm64 com.apple.xcode.tools.swift.compiler (in target 'GroceryApp' from project 'GroceryApp')
    cd /Users/tim/Documents/workspace/swift/apps/grocery-app/GroceryApp
    builtin-SwiftDriver -- /Applications/Xcode.app/Contents/Developer/Toolchains/XcodeDefault.xctoolchain/usr/bin/swiftc -module-name GroceryApp -O -whole-module-optimization -enforce-exclusivity\=checked @/Users/tim/Library/Developer/Xcode/DerivedData/GroceryApp-evbjlsgcparbtufznuqhiqsucvpi/Build/Intermediates.noindex/ArchiveIntermediates/GroceryApp/IntermediateBuildFilesPath/GroceryApp.build/Release-iphoneos/GroceryApp.build/Objects-normal/arm64/GroceryApp.SwiftFileList -enable-bare-slash-regex -enable-experimental-feature DebugDescriptionMacro -sdk /Applications/Xcode.app/Contents/Developer/Platforms/iPhoneOS.platform/Developer/SDKs/iPhoneOS26.2.sdk -target arm64-apple-ios18.5 -g -module-cache-path /Users/tim/Library/Developer/Xcode/DerivedData/ModuleCache.noindex -Xfrontend -serialize-debugging-options -swift-version 5 -I /Users/tim/Library/Developer/Xcode/DerivedData/GroceryApp-evbjlsgcparbtufznuqhiqsucvpi/Build/Intermediates.noindex/ArchiveIntermediates/GroceryApp/BuildProductsPath/Release-iphoneos -F /Users/tim/Library/Developer/Xcode/DerivedData/GroceryApp-evbjlsgcparbtufznuqhiqsucvpi/Build/Intermediates.noindex/ArchiveIntermediates/GroceryApp/BuildProductsPath/Release-iphoneos -emit-localized-strings -emit-localized-strings-path /Users/tim/Library/Developer/Xcode/DerivedData/GroceryApp-evbjlsgcparbtufznuqhiqsucvpi/Build/Intermediates.noindex/ArchiveIntermediates/GroceryApp/IntermediateBuildFilesPath/GroceryApp.build/Release-iphoneos/GroceryApp.build/Objects-normal/arm64 -c -num-threads 10 -Xcc -ivfsstatcache -Xcc /Users/tim/Library/Developer/Xcode/DerivedData/SDKStatCaches.noindex/iphoneos26.2-23C53-3794476bd08197c3e2abd9bb477ef7f7.sdkstatcache -output-file-map /Users/tim/Library/Developer/Xcode/DerivedData/GroceryApp-evbjlsgcparbtufznuqhiqsucvpi/Build/Intermediates.noindex/ArchiveIntermediates/GroceryApp/IntermediateBuildFilesPath/GroceryApp.build/Release-iphoneos/GroceryApp.build/Objects-normal/arm64/GroceryApp-OutputFileMap.json -use-frontend-parseable-output -save-temps -no-color-diagnostics -explicit-module-build -module-cache-path /Users/tim/Library/Developer/Xcode/DerivedData/GroceryApp-evbjlsgcparbtufznuqhiqsucvpi/Build/Intermediates.noindex/ArchiveIntermediates/GroceryApp/IntermediateBuildFilesPath/SwiftExplicitPrecompiledModules -clang-scanner-module-cache-path /Users/tim/Library/Developer/Xcode/DerivedData/ModuleCache.noindex -sdk-module-cache-path /Users/tim/Library/Developer/Xcode/DerivedData/ModuleCache.noindex -serialize-diagnostics -emit-dependencies -emit-module -emit-module-path /Users/tim/Library/Developer/Xcode/DerivedData/GroceryApp-evbjlsgcparbtufznuqhiqsucvpi/Build/Intermediates.noindex/ArchiveIntermediates/GroceryApp/IntermediateBuildFilesPath/GroceryApp.build/Release-iphoneos/GroceryApp.build/Objects-normal/arm64/GroceryApp.swiftmodule -validate-clang-modules-once -clang-build-session-file /Users/tim/Library/Developer/Xcode/DerivedData/ModuleCache.noindex/Session.modulevalidation -Xcc -I/Users/tim/Library/Developer/Xcode/DerivedData/GroceryApp-evbjlsgcparbtufznuqhiqsucvpi/Build/Intermediates.noindex/ArchiveIntermediates/GroceryApp/IntermediateBuildFilesPath/GroceryApp.build/Release-iphoneos/GroceryApp.build/swift-overrides.hmap -emit-const-values -Xfrontend -const-gather-protocols-file -Xfrontend /Users/tim/Library/Developer/Xcode/DerivedData/GroceryApp-evbjlsgcparbtufznuqhiqsucvpi/Build/Intermediates.noindex/ArchiveIntermediates/GroceryApp/IntermediateBuildFilesPath/GroceryApp.build/Release-iphoneos/GroceryApp.build/Objects-normal/arm64/GroceryApp_const_extract_protocols.json -Xcc -iquote -Xcc /Users/tim/Library/Developer/Xcode/DerivedData/GroceryApp-evbjlsgcparbtufznuqhiqsucvpi/Build/Intermediates.noindex/ArchiveIntermediates/GroceryApp/IntermediateBuildFilesPath/GroceryApp.build/Release-iphoneos/GroceryApp.build/GroceryApp-generated-files.hmap -Xcc -I/Users/tim/Library/Developer/Xcode/DerivedData/GroceryApp-evbjlsgcparbtufznuqhiqsucvpi/Build/Intermediates.noindex/ArchiveIntermediates/GroceryApp/IntermediateBuildFilesPath/GroceryApp.build/Release-iphoneos/GroceryApp.build/GroceryApp-own-target-headers.hmap -Xcc -I/Users/tim/Library/Developer/Xcode/DerivedData/GroceryApp-evbjlsgcparbtufznuqhiqsucvpi/Build/Intermediates.noindex/ArchiveIntermediates/GroceryApp/IntermediateBuildFilesPath/GroceryApp.build/Release-iphoneos/GroceryApp.build/GroceryApp-all-target-headers.hmap -Xcc -iquote -Xcc /Users/tim/Library/Developer/Xcode/DerivedData/GroceryApp-evbjlsgcparbtufznuqhiqsucvpi/Build/Intermediates.noindex/ArchiveIntermediates/GroceryApp/IntermediateBuildFilesPath/GroceryApp.build/Release-iphoneos/GroceryApp.build/GroceryApp-project-headers.hmap -Xcc -I/Users/tim/Library/Developer/Xcode/DerivedData/GroceryApp-evbjlsgcparbtufznuqhiqsucvpi/Build/Intermediates.noindex/ArchiveIntermediates/GroceryApp/BuildProductsPath/Release-iphoneos/include -Xcc -I/Users/tim/Library/Developer/Xcode/DerivedData/GroceryApp-evbjlsgcparbtufznuqhiqsucvpi/Build/Intermediates.noindex/ArchiveIntermediates/GroceryApp/IntermediateBuildFilesPath/GroceryApp.build/Release-iphoneos/GroceryApp.build/DerivedSources-normal/arm64 -Xcc -I/Users/tim/Library/Developer/Xcode/DerivedData/GroceryApp-evbjlsgcparbtufznuqhiqsucvpi/Build/Intermediates.noindex/ArchiveIntermediates/GroceryApp/IntermediateBuildFilesPath/GroceryApp.build/Release-iphoneos/GroceryApp.build/DerivedSources/arm64 -Xcc -I/Users/tim/Library/Developer/Xcode/DerivedData/GroceryApp-evbjlsgcparbtufznuqhiqsucvpi/Build/Intermediates.noindex/ArchiveIntermediates/GroceryApp/IntermediateBuildFilesPath/GroceryApp.build/Release-iphoneos/GroceryApp.build/DerivedSources -emit-objc-header -emit-objc-header-path /Users/tim/Library/Developer/Xcode/DerivedData/GroceryApp-evbjlsgcparbtufznuqhiqsucvpi/Build/Intermediates.noindex/ArchiveIntermediates/GroceryApp/IntermediateBuildFilesPath/GroceryApp.build/Release-iphoneos/GroceryApp.build/Objects-normal/arm64/GroceryApp-Swift.h -working-directory /Users/tim/Documents/workspace/swift/apps/grocery-app/GroceryApp -no-emit-module-separately-wmo

SwiftCompile normal arm64 Compiling\ Category+CoreDataClass.swift,\ Category+CoreDataProperties.swift,\ GroceryCategory.swift,\ GroceryItem+CoreDataClass.swift,\ GroceryItem+CoreDataProperties.swift,\ ShoppingListItem+CoreDataClass.swift,\ ShoppingListItem+CoreDataProperties.swift,\ Store+CoreDataClass.swift,\ Store+CoreDataProperties.swift,\ CategoryService.swift,\ DataService.swift,\ ImportData.swift,\ MasterListImportService.swift,\ ShoppingListService.swift,\ StoreService.swift,\ AboutView.swift,\ AddCategoryView.swift,\ AddItemView.swift,\ AddStoreView.swift,\ HelpView.swift,\ LandingView.swift,\ MainTabView.swift,\ MasterListView.swift,\ SettingsView.swift,\ ShoppingListView.swift,\ StoreListView.swift,\ StoreShoppingListView.swift,\ ContentView.swift,\ GroceryAppApp.swift,\ Persistence.swift,\ GeneratedAssetSymbols.swift /Users/tim/Documents/workspace/swift/apps/grocery-app/GroceryApp/GroceryApp/Models/Category+CoreDataClass.swift /Users/tim/Documents/workspace/swift/apps/grocery-app/GroceryApp/GroceryApp/Models/Category+CoreDataProperties.swift /Users/tim/Documents/workspace/swift/apps/grocery-app/GroceryApp/GroceryApp/Models/GroceryCategory.swift /Users/tim/Documents/workspace/swift/apps/grocery-app/GroceryApp/GroceryApp/Models/GroceryItem+CoreDataClass.swift /Users/tim/Documents/workspace/swift/apps/grocery-app/GroceryApp/GroceryApp/Models/GroceryItem+CoreDataProperties.swift /Users/tim/Documents/workspace/swift/apps/grocery-app/GroceryApp/GroceryApp/Models/ShoppingListItem+CoreDataClass.swift /Users/tim/Documents/workspace/swift/apps/grocery-app/GroceryApp/GroceryApp/Models/ShoppingListItem+CoreDataProperties.swift /Users/tim/Documents/workspace/swift/apps/grocery-app/GroceryApp/GroceryApp/Models/Store+CoreDataClass.swift /Users/tim/Documents/workspace/swift/apps/grocery-app/GroceryApp/GroceryApp/Models/Store+CoreDataProperties.swift /Users/tim/Documents/workspace/swift/apps/grocery-app/GroceryApp/GroceryApp/Services/CategoryService.swift /Users/tim/Documents/workspace/swift/apps/grocery-app/GroceryApp/GroceryApp/Services/DataService.swift /Users/tim/Documents/workspace/swift/apps/grocery-app/GroceryApp/GroceryApp/Services/ImportData.swift /Users/tim/Documents/workspace/swift/apps/grocery-app/GroceryApp/GroceryApp/Services/MasterListImportService.swift /Users/tim/Documents/workspace/swift/apps/grocery-app/GroceryApp/GroceryApp/Services/ShoppingListService.swift /Users/tim/Documents/workspace/swift/apps/grocery-app/GroceryApp/GroceryApp/Services/StoreService.swift /Users/tim/Documents/workspace/swift/apps/grocery-app/GroceryApp/GroceryApp/Views/AboutView.swift /Users/tim/Documents/workspace/swift/apps/grocery-app/GroceryApp/GroceryApp/Views/AddCategoryView.swift /Users/tim/Documents/workspace/swift/apps/grocery-app/GroceryApp/GroceryApp/Views/AddItemView.swift /Users/tim/Documents/workspace/swift/apps/grocery-app/GroceryApp/GroceryApp/Views/AddStoreView.swift /Users/tim/Documents/workspace/swift/apps/grocery-app/GroceryApp/GroceryApp/Views/HelpView.swift /Users/tim/Documents/workspace/swift/apps/grocery-app/GroceryApp/GroceryApp/Views/LandingView.swift /Users/tim/Documents/workspace/swift/apps/grocery-app/GroceryApp/GroceryApp/Views/MainTabView.swift /Users/tim/Documents/workspace/swift/apps/grocery-app/GroceryApp/GroceryApp/Views/MasterListView.swift /Users/tim/Documents/workspace/swift/apps/grocery-app/GroceryApp/GroceryApp/Views/SettingsView.swift /Users/tim/Documents/workspace/swift/apps/grocery-app/GroceryApp/GroceryApp/Views/ShoppingListView.swift /Users/tim/Documents/workspace/swift/apps/grocery-app/GroceryApp/GroceryApp/Views/StoreListView.swift /Users/tim/Documents/workspace/swift/apps/grocery-app/GroceryApp/GroceryApp/Views/StoreShoppingListView.swift /Users/tim/Documents/workspace/swift/apps/grocery-app/GroceryApp/GroceryApp/ContentView.swift /Users/tim/Documents/workspace/swift/apps/grocery-app/GroceryApp/GroceryApp/GroceryAppApp.swift /Users/tim/Documents/workspace/swift/apps/grocery-app/GroceryApp/GroceryApp/Persistence.swift /Users/tim/Library/Developer/Xcode/DerivedData/GroceryApp-evbjlsgcparbtufznuqhiqsucvpi/Build/Intermediates.noindex/ArchiveIntermediates/GroceryApp/IntermediateBuildFilesPath/GroceryApp.build/Release-iphoneos/GroceryApp.build/DerivedSources/GeneratedAssetSymbols.swift /Applications/Xcode.app/Contents/Developer/Toolchains/XcodeDefault.xctoolchain/usr/lib/swift/iphoneos/prebuilt-modules/26.2/CoreVideo.swiftmodule/arm64e-apple-ios.swiftmodule /Applications/Xcode.app/Contents/Developer/Toolchains/XcodeDefault.xctoolchain/usr/lib/swift/iphoneos/prebuilt-modules/26.2/XPC.swiftmodule/arm64e-apple-ios.swiftmodule /Applications/Xcode.app/Contents/Developer/Toolchains/XcodeDefault.xctoolchain/usr/lib/swift/iphoneos/prebuilt-modules/26.2/_Builtin_float.swiftmodule/arm64e-apple-ios.swiftmodule /Applications/Xcode.app/Contents/Developer/Toolchains/XcodeDefault.xctoolchain/usr/lib/swift/iphoneos/prebuilt-modules/26.2/Darwin.swiftmodule/arm64e-apple-ios.swiftmodule /Applications/Xcode.app/Contents/Developer/Toolchains/XcodeDefault.xctoolchain/usr/lib/swift/iphoneos/prebuilt-modules/26.2/Accessibility.swiftmodule/arm64e-apple-ios.swiftmodule /Applications/Xcode.app/Contents/Developer/Toolchains/XcodeDefault.xctoolchain/usr/lib/swift/iphoneos/prebuilt-modules/26.2/Foundation.swiftmodule/arm64e-apple-ios.swiftmodule /Applications/Xcode.app/Contents/Developer/Toolchains/XcodeDefault.xctoolchain/usr/lib/swift/iphoneos/prebuilt-modules/26.2/CoreTransferable.swiftmodule/arm64e-apple-ios.swiftmodule /Applications/Xcode.app/Contents/Developer/Toolchains/XcodeDefault.xctoolchain/usr/lib/swift/iphoneos/prebuilt-modules/26.2/_DarwinFoundation3.swiftmodule/arm64e-apple-ios.swiftmodule /Applications/Xcode.app/Contents/Developer/Toolchains/XcodeDefault.xctoolchain/usr/lib/swift/iphoneos/prebuilt-modules/26.2/QuartzCore.swiftmodule/arm64e-apple-ios.swiftmodule /Applications/Xcode.app/Contents/Developer/Toolchains/XcodeDefault.xctoolchain/usr/lib/swift/iphoneos/prebuilt-modules/26.2/Metal.swiftmodule/arm64e-apple-ios.swiftmodule /Applications/Xcode.app/Contents/Developer/Toolchains/XcodeDefault.xctoolchain/usr/lib/swift/iphoneos/prebuilt-modules/26.2/ObjectiveC.swiftmodule/arm64e-apple-ios.swiftmodule /Applications/Xcode.app/Contents/Developer/Toolchains/XcodeDefault.xctoolchain/usr/lib/swift/iphoneos/prebuilt-modules/26.2/Symbols.swiftmodule/arm64e-apple-ios.swiftmodule /Applications/Xcode.app/Contents/Developer/Toolchains/XcodeDefault.xctoolchain/usr/lib/swift/iphoneos/prebuilt-modules/26.2/FileProvider.swiftmodule/arm64e-apple-ios.swiftmodule /Applications/Xcode.app/Contents/Developer/Toolchains/XcodeDefault.xctoolchain/usr/lib/swift/iphoneos/prebuilt-modules/26.2/CoreImage.swiftmodule/arm64e-apple-ios.swiftmodule /Applications/Xcode.app/Contents/Developer/Toolchains/XcodeDefault.xctoolchain/usr/lib/swift/iphoneos/prebuilt-modules/26.2/Swift.swiftmodule/arm64e-apple-ios.swiftmodule /Applications/Xcode.app/Contents/Developer/Toolchains/XcodeDefault.xctoolchain/usr/lib/swift/iphoneos/prebuilt-modules/26.2/_DarwinFoundation1.swiftmodule/arm64e-apple-ios.swiftmodule /Applications/Xcode.app/Contents/Developer/Toolchains/XcodeDefault.xctoolchain/usr/lib/swift/iphoneos/prebuilt-modules/26.2/CoreData.swiftmodule/arm64e-apple-ios.swiftmodule /Applications/Xcode.app/Contents/Developer/Toolchains/XcodeDefault.xctoolchain/usr/lib/swift/iphoneos/prebuilt-modules/26.2/DeveloperToolsSupport.swiftmodule/arm64e-apple-ios.swiftmodule /Applications/Xcode.app/Contents/Developer/Toolchains/XcodeDefault.xctoolchain/usr/lib/swift/iphoneos/prebuilt-modules/26.2/System.swiftmodule/arm64e-apple-ios.swiftmodule /Applications/Xcode.app/Contents/Developer/Toolchains/XcodeDefault.xctoolchain/usr/lib/swift/iphoneos/prebuilt-modules/26.2/CoreText.swiftmodule/arm64e-apple-ios.swiftmodule /Applications/Xcode.app/Contents/Developer/Toolchains/XcodeDefault.xctoolchain/usr/lib/swift/iphoneos/prebuilt-modules/26.2/Spatial.swiftmodule/arm64e-apple-ios.swiftmodule /Applications/Xcode.app/Contents/Developer/Toolchains/XcodeDefault.xctoolchain/usr/lib/swift/iphoneos/prebuilt-modules/26.2/_StringProcessing.swiftmodule/arm64e-apple-ios.swiftmodule /Applications/Xcode.app/Contents/Developer/Toolchains/XcodeDefault.xctoolchain/usr/lib/swift/iphoneos/prebuilt-modules/26.2/CoreFoundation.swiftmodule/arm64e-apple-ios.swiftmodule /Applications/Xcode.app/Contents/Developer/Toolchains/XcodeDefault.xctoolchain/usr/lib/swift/iphoneos/prebuilt-modules/26.2/SwiftUICore.swiftmodule/arm64e-apple-ios.swiftmodule /Applications/Xcode.app/Contents/Developer/Toolchains/XcodeDefault.xctoolchain/usr/lib/swift/iphoneos/prebuilt-modules/26.2/CoreGraphics.swiftmodule/arm64e-apple-ios.swiftmodule /Applications/Xcode.app/Contents/Developer/Toolchains/XcodeDefault.xctoolchain/usr/lib/swift/iphoneos/prebuilt-modules/26.2/_Concurrency.swiftmodule/arm64e-apple-ios.swiftmodule /Applications/Xcode.app/Contents/Developer/Toolchains/XcodeDefault.xctoolchain/usr/lib/swift/iphoneos/prebuilt-modules/26.2/os.swiftmodule/arm64e-apple-ios.swiftmodule /Applications/Xcode.app/Contents/Developer/Toolchains/XcodeDefault.xctoolchain/usr/lib/swift/iphoneos/prebuilt-modules/26.2/_DarwinFoundation2.swiftmodule/arm64e-apple-ios.swiftmodule /Applications/Xcode.app/Contents/Developer/Toolchains/XcodeDefault.xctoolchain/usr/lib/swift/iphoneos/prebuilt-modules/26.2/simd.swiftmodule/arm64e-apple-ios.swiftmodule /Applications/Xcode.app/Contents/Developer/Toolchains/XcodeDefault.xctoolchain/usr/lib/swift/iphoneos/prebuilt-modules/26.2/DataDetection.swiftmodule/arm64e-apple-ios.swiftmodule /Applications/Xcode.app/Contents/Developer/Toolchains/XcodeDefault.xctoolchain/usr/lib/swift/iphoneos/prebuilt-modules/26.2/UIKit.swiftmodule/arm64e-apple-ios.swiftmodule /Applications/Xcode.app/Contents/Developer/Toolchains/XcodeDefault.xctoolchain/usr/lib/swift/iphoneos/prebuilt-modules/26.2/UniformTypeIdentifiers.swiftmodule/arm64e-apple-ios.swiftmodule /Applications/Xcode.app/Contents/Developer/Toolchains/XcodeDefault.xctoolchain/usr/lib/swift/iphoneos/prebuilt-modules/26.2/SwiftUI.swiftmodule/arm64e-apple-ios.swiftmodule /Applications/Xcode.app/Contents/Developer/Toolchains/XcodeDefault.xctoolchain/usr/lib/swift/iphoneos/prebuilt-modules/26.2/Combine.swiftmodule/arm64e-apple-ios.swiftmodule /Applications/Xcode.app/Contents/Developer/Toolchains/XcodeDefault.xctoolchain/usr/lib/swift/iphoneos/prebuilt-modules/26.2/Dispatch.swiftmodule/arm64e-apple-ios.swiftmodule /Applications/Xcode.app/Contents/Developer/Toolchains/XcodeDefault.xctoolchain/usr/lib/swift/iphoneos/prebuilt-modules/26.2/Observation.swiftmodule/arm64e-apple-ios.swiftmodule /Applications/Xcode.app/Contents/Developer/Toolchains/XcodeDefault.xctoolchain/usr/lib/swift/iphoneos/prebuilt-modules/26.2/OSLog.swiftmodule/arm64e-apple-ios.swiftmodule /Users/tim/Library/Developer/Xcode/DerivedData/ModuleCache.noindex/IOSurface-XVQDC50RU9NMXDV0GKNE8AV.pcm /Users/tim/Library/Developer/Xcode/DerivedData/ModuleCache.noindex/_Builtin_intrinsics-BPBV6JJ27D7VG1PC4RJ21948V.pcm /Users/tim/Library/Developer/Xcode/DerivedData/ModuleCache.noindex/OSLog-95YCYWT54PQRCUZP9VU9YKEJ5.pcm /Users/tim/Library/Developer/Xcode/DerivedData/ModuleCache.noindex/Accessibility-47NT3ZH23FUK8E68QHGKKTP2D.pcm /Users/tim/Library/Developer/Xcode/DerivedData/ModuleCache.noindex/ptrcheck-BU329L49BH7TVDBFL8SSMSLIB.pcm /Users/tim/Library/Developer/Xcode/DerivedData/ModuleCache.noindex/CoreText-97O9V02UXQNZMM0HRO1RYJEPI.pcm /Users/tim/Library/Developer/Xcode/DerivedData/ModuleCache.noindex/Foundation-7H1LAES262RILX6A09ZSS8E4X.pcm /Users/tim/Library/Developer/Xcode/DerivedData/ModuleCache.noindex/ImageIO-A5V6X9QH6LGVAJIUXYI9R3D1M.pcm /Users/tim/Library/Developer/Xcode/DerivedData/ModuleCache.noindex/_Builtin_inttypes-YCWTS92GK5NUMCAAXCGRVI5V.pcm /Users/tim/Library/Developer/Xcode/DerivedData/ModuleCache.noindex/SwiftUICore-E0SJZUARDIBEX10B9K9IYRTT.pcm /Users/tim/Library/Developer/Xcode/DerivedData/ModuleCache.noindex/os_workgroup-CKQ04OWE8X75ZNH581P7D1DJI.pcm /Users/tim/Library/Developer/Xcode/DerivedData/ModuleCache.noindex/_Builtin_float-DNSN4SCRVYFC8DKSLML8COM0Y.pcm /Users/tim/Library/Developer/Xcode/DerivedData/ModuleCache.noindex/UIUtilities-CIQZSUC486W45LGXJ1R6LS5IL.pcm /Users/tim/Library/Developer/Xcode/DerivedData/ModuleCache.noindex/ObjectiveC-5RVIFH4C3BP6DVK3QXXTB0H8B.pcm /Users/tim/Library/Developer/Xcode/DerivedData/ModuleCache.noindex/FileProvider-POVZVKEBIDZURKVT49M3DRVD.pcm /Users/tim/Library/Developer/Xcode/DerivedData/ModuleCache.noindex/_Builtin_stddef-4C4T71VZ2SDMXLM0ODC1SG228.pcm /Users/tim/Library/Developer/Xcode/DerivedData/ModuleCache.noindex/DataDetection-3XV2BFRTHC7F30099HOWRT8HZ.pcm /Users/tim/Library/Developer/Xcode/DerivedData/ModuleCache.noindex/SwiftUI-AQR23PIAWCU7PHZ9HD2JSUE2B.pcm /Users/tim/Library/Developer/Xcode/DerivedData/ModuleCache.noindex/_Builtin_stdbool-55C2CAHW9V3T315CO27TRIVRA.pcm /Users/tim/Library/Developer/Xcode/DerivedData/ModuleCache.noindex/Spatial-BWPJLJ0P9SA5QFKQTX2KD2F3H.pcm /Users/tim/Library/Developer/Xcode/DerivedData/ModuleCache.noindex/_AvailabilityInternal-5BQ266KBFCFFY0J91HR0YOBHL.pcm /Users/tim/Library/Developer/Xcode/DerivedData/ModuleCache.noindex/XPC-892Y4DLNR8Z2ZQ6RVECT4G8SG.pcm /Users/tim/Library/Developer/Xcode/DerivedData/ModuleCache.noindex/UniformTypeIdentifiers-D4URS3GO783CJYV00USY03X7I.pcm /Users/tim/Library/Developer/Xcode/DerivedData/ModuleCache.noindex/QuartzCore-T69V09ZWSB1PKJFBG08UVOEN.pcm /Users/tim/Library/Developer/Xcode/DerivedData/ModuleCache.noindex/Metal-7TQ73GCI6I93GJIVPDBK5FCRE.pcm /Users/tim/Library/Developer/Xcode/DerivedData/ModuleCache.noindex/CoreFoundation-RIPS2HYI2A91OYZ0S1E1AML2.pcm /Users/tim/Library/Developer/Xcode/DerivedData/ModuleCache.noindex/_Builtin_limits-7C0L8SANNQEESETHAQA3EO663.pcm /Users/tim/Library/Developer/Xcode/DerivedData/ModuleCache.noindex/CoreImage-BPAFCD7KPXR6UX3NF6Q82OG28.pcm /Users/tim/Library/Developer/Xcode/DerivedData/ModuleCache.noindex/CoreVideo-BC0OYPO7CS84EXPZDMFKE99NA.pcm /Users/tim/Library/Developer/Xcode/DerivedData/ModuleCache.noindex/Symbols-ESLDAXL7F5G5O2DZF12A5JQNA.pcm /Users/tim/Library/Developer/Xcode/DerivedData/ModuleCache.noindex/CFNetwork-6X9WOFALXH0DP83C33JE7G2N3.pcm /Users/tim/Library/Developer/Xcode/DerivedData/ModuleCache.noindex/os-50TU03FCC3GS3OTCG5YXO0T19.pcm /Users/tim/Library/Developer/Xcode/DerivedData/ModuleCache.noindex/os_object-CGZ9NXVGT3SD6JQCQ39BA7ZF8.pcm /Users/tim/Library/Developer/Xcode/DerivedData/ModuleCache.noindex/_DarwinFoundation1-5E96ZNT5COSN12IBI28ZY7LG4.pcm /Users/tim/Library/Developer/Xcode/DerivedData/ModuleCache.noindex/_Builtin_stdatomic-40J0XNAEADIKAI597XNUE82XK.pcm /Users/tim/Library/Developer/Xcode/DerivedData/ModuleCache.noindex/SwiftShims-CZEV1TG369B05B0AXQHENLZOP.pcm /Users/tim/Library/Developer/Xcode/DerivedData/ModuleCache.noindex/_DarwinFoundation2-B37EQSPYBBBO5K28TY0VTK203.pcm /Users/tim/Library/Developer/Xcode/DerivedData/ModuleCache.noindex/CoreData-5FFKGUOUGIX0CS7Y1UYFWDZAZ.pcm /Users/tim/Library/Developer/Xcode/DerivedData/ModuleCache.noindex/_Builtin_stdint-4BK7DZJ43LMAP1BN1YACOSZLB.pcm /Users/tim/Library/Developer/Xcode/DerivedData/ModuleCache.noindex/Darwin-6N732BLM72NISWGVYJ3I17EM1.pcm /Users/tim/Library/Developer/Xcode/DerivedData/ModuleCache.noindex/CoreTransferable-84303BUQKAZHQSHP1NHEG63EI.pcm /Users/tim/Library/Developer/Xcode/DerivedData/ModuleCache.noindex/sys_types-3A3Y666FHNMIIT8ZMNXTT6EFP.pcm /Users/tim/Library/Developer/Xcode/DerivedData/ModuleCache.noindex/_Builtin_tgmath-CUPV18D6EFY7ZFJL9G8F0NMYV.pcm /Users/tim/Library/Developer/Xcode/DerivedData/ModuleCache.noindex/OpenGLES-CNEWARSPZ082JQXHAZED12Y68.pcm /Users/tim/Library/Developer/Xcode/DerivedData/ModuleCache.noindex/DeveloperToolsSupport-2HVZET969T3ZT3J2716FQZZR7.pcm /Users/tim/Library/Developer/Xcode/DerivedData/ModuleCache.noindex/UIKit-5CN57M1NMVO55M3AHTXMT4U8L.pcm /Users/tim/Library/Developer/Xcode/DerivedData/ModuleCache.noindex/MachO-7HDTP54AAKTY42WYBDJED33NT.pcm /Users/tim/Library/Developer/Xcode/DerivedData/ModuleCache.noindex/CoreGraphics-8LG97VLETXX1R3NF49LLWMHJN.pcm /Users/tim/Library/Developer/Xcode/DerivedData/ModuleCache.noindex/ptrauth-8WIV5O2FOXDACL425RWYOMO2A.pcm /Users/tim/Library/Developer/Xcode/DerivedData/ModuleCache.noindex/Security-6QLB3JK54TPQ9ANB1XBWTHGCY.pcm /Users/tim/Library/Developer/Xcode/DerivedData/ModuleCache.noindex/_Builtin_stdarg-3SWZLN8K1HAMAVMOKDTG2PND1.pcm /Users/tim/Library/Developer/Xcode/DerivedData/ModuleCache.noindex/_DarwinFoundation3-1X6W1UZFT38KSSFJ4WBHWNJ3D.pcm /Users/tim/Library/Developer/Xcode/DerivedData/ModuleCache.noindex/Dispatch-4YW6P14KPOIBKFWBLS0N6254T.pcm /Users/tim/Library/Developer/Xcode/DerivedData/ModuleCache.noindex/simd-N11922FE8KRBFHOGWSZAW4RX.pcm /Users/tim/Library/Developer/Xcode/DerivedData/ModuleCache.noindex/_SwiftConcurrencyShims-1XTHXJSQB70FBV4V0VOTG5XTO.pcm /Users/tim/Library/Developer/Xcode/DerivedData/ModuleCache.noindex/UserNotifications-ASSFRQ1DZ6FILHS2XSSQ6EX5Z.pcm /Users/tim/Library/Developer/Xcode/DerivedData/GroceryApp-evbjlsgcparbtufznuqhiqsucvpi/Build/Intermediates.noindex/ArchiveIntermediates/GroceryApp/IntermediateBuildFilesPath/GroceryApp.build/Release-iphoneos/GroceryApp.build/Objects-normal/arm64/GroceryApp-dependencies-1.json (in target 'GroceryApp' from project 'GroceryApp')

CompileSwift normal arm64 (in target 'GroceryApp' from project 'GroceryApp')
    cd /Users/tim/Documents/workspace/swift/apps/grocery-app/GroceryApp
    
/Users/tim/Documents/workspace/swift/apps/grocery-app/GroceryApp/GroceryApp/Views/StoreShoppingListView.swift:158:14: warning: 'onChange(of:perform:)' was deprecated in iOS 17.0: Use `onChange` with a two or zero parameter action closure instead.
            .onChange(of: shoppingItems.map { $0.isChecked }) { _ in
             ^

SwiftDriver\ Compilation GroceryApp normal arm64 com.apple.xcode.tools.swift.compiler (in target 'GroceryApp' from project 'GroceryApp')
    cd /Users/tim/Documents/workspace/swift/apps/grocery-app/GroceryApp
    builtin-Swift-Compilation -- /Applications/Xcode.app/Contents/Developer/Toolchains/XcodeDefault.xctoolchain/usr/bin/swiftc -module-name GroceryApp -O -whole-module-optimization -enforce-exclusivity\=checked @/Users/tim/Library/Developer/Xcode/DerivedData/GroceryApp-evbjlsgcparbtufznuqhiqsucvpi/Build/Intermediates.noindex/ArchiveIntermediates/GroceryApp/IntermediateBuildFilesPath/GroceryApp.build/Release-iphoneos/GroceryApp.build/Objects-normal/arm64/GroceryApp.SwiftFileList -enable-bare-slash-regex -enable-experimental-feature DebugDescriptionMacro -sdk /Applications/Xcode.app/Contents/Developer/Platforms/iPhoneOS.platform/Developer/SDKs/iPhoneOS26.2.sdk -target arm64-apple-ios18.5 -g -module-cache-path /Users/tim/Library/Developer/Xcode/DerivedData/ModuleCache.noindex -Xfrontend -serialize-debugging-options -swift-version 5 -I /Users/tim/Library/Developer/Xcode/DerivedData/GroceryApp-evbjlsgcparbtufznuqhiqsucvpi/Build/Intermediates.noindex/ArchiveIntermediates/GroceryApp/BuildProductsPath/Release-iphoneos -F /Users/tim/Library/Developer/Xcode/DerivedData/GroceryApp-evbjlsgcparbtufznuqhiqsucvpi/Build/Intermediates.noindex/ArchiveIntermediates/GroceryApp/BuildProductsPath/Release-iphoneos -emit-localized-strings -emit-localized-strings-path /Users/tim/Library/Developer/Xcode/DerivedData/GroceryApp-evbjlsgcparbtufznuqhiqsucvpi/Build/Intermediates.noindex/ArchiveIntermediates/GroceryApp/IntermediateBuildFilesPath/GroceryApp.build/Release-iphoneos/GroceryApp.build/Objects-normal/arm64 -c -num-threads 10 -Xcc -ivfsstatcache -Xcc /Users/tim/Library/Developer/Xcode/DerivedData/SDKStatCaches.noindex/iphoneos26.2-23C53-3794476bd08197c3e2abd9bb477ef7f7.sdkstatcache -output-file-map /Users/tim/Library/Developer/Xcode/DerivedData/GroceryApp-evbjlsgcparbtufznuqhiqsucvpi/Build/Intermediates.noindex/ArchiveIntermediates/GroceryApp/IntermediateBuildFilesPath/GroceryApp.build/Release-iphoneos/GroceryApp.build/Objects-normal/arm64/GroceryApp-OutputFileMap.json -use-frontend-parseable-output -save-temps -no-color-diagnostics -explicit-module-build -module-cache-path /Users/tim/Library/Developer/Xcode/DerivedData/GroceryApp-evbjlsgcparbtufznuqhiqsucvpi/Build/Intermediates.noindex/ArchiveIntermediates/GroceryApp/IntermediateBuildFilesPath/SwiftExplicitPrecompiledModules -clang-scanner-module-cache-path /Users/tim/Library/Developer/Xcode/DerivedData/ModuleCache.noindex -sdk-module-cache-path /Users/tim/Library/Developer/Xcode/DerivedData/ModuleCache.noindex -serialize-diagnostics -emit-dependencies -emit-module -emit-module-path /Users/tim/Library/Developer/Xcode/DerivedData/GroceryApp-evbjlsgcparbtufznuqhiqsucvpi/Build/Intermediates.noindex/ArchiveIntermediates/GroceryApp/IntermediateBuildFilesPath/GroceryApp.build/Release-iphoneos/GroceryApp.build/Objects-normal/arm64/GroceryApp.swiftmodule -validate-clang-modules-once -clang-build-session-file /Users/tim/Library/Developer/Xcode/DerivedData/ModuleCache.noindex/Session.modulevalidation -Xcc -I/Users/tim/Library/Developer/Xcode/DerivedData/GroceryApp-evbjlsgcparbtufznuqhiqsucvpi/Build/Intermediates.noindex/ArchiveIntermediates/GroceryApp/IntermediateBuildFilesPath/GroceryApp.build/Release-iphoneos/GroceryApp.build/swift-overrides.hmap -emit-const-values -Xfrontend -const-gather-protocols-file -Xfrontend /Users/tim/Library/Developer/Xcode/DerivedData/GroceryApp-evbjlsgcparbtufznuqhiqsucvpi/Build/Intermediates.noindex/ArchiveIntermediates/GroceryApp/IntermediateBuildFilesPath/GroceryApp.build/Release-iphoneos/GroceryApp.build/Objects-normal/arm64/GroceryApp_const_extract_protocols.json -Xcc -iquote -Xcc /Users/tim/Library/Developer/Xcode/DerivedData/GroceryApp-evbjlsgcparbtufznuqhiqsucvpi/Build/Intermediates.noindex/ArchiveIntermediates/GroceryApp/IntermediateBuildFilesPath/GroceryApp.build/Release-iphoneos/GroceryApp.build/GroceryApp-generated-files.hmap -Xcc -I/Users/tim/Library/Developer/Xcode/DerivedData/GroceryApp-evbjlsgcparbtufznuqhiqsucvpi/Build/Intermediates.noindex/ArchiveIntermediates/GroceryApp/IntermediateBuildFilesPath/GroceryApp.build/Release-iphoneos/GroceryApp.build/GroceryApp-own-target-headers.hmap -Xcc -I/Users/tim/Library/Developer/Xcode/DerivedData/GroceryApp-evbjlsgcparbtufznuqhiqsucvpi/Build/Intermediates.noindex/ArchiveIntermediates/GroceryApp/IntermediateBuildFilesPath/GroceryApp.build/Release-iphoneos/GroceryApp.build/GroceryApp-all-target-headers.hmap -Xcc -iquote -Xcc /Users/tim/Library/Developer/Xcode/DerivedData/GroceryApp-evbjlsgcparbtufznuqhiqsucvpi/Build/Intermediates.noindex/ArchiveIntermediates/GroceryApp/IntermediateBuildFilesPath/GroceryApp.build/Release-iphoneos/GroceryApp.build/GroceryApp-project-headers.hmap -Xcc -I/Users/tim/Library/Developer/Xcode/DerivedData/GroceryApp-evbjlsgcparbtufznuqhiqsucvpi/Build/Intermediates.noindex/ArchiveIntermediates/GroceryApp/BuildProductsPath/Release-iphoneos/include -Xcc -I/Users/tim/Library/Developer/Xcode/DerivedData/GroceryApp-evbjlsgcparbtufznuqhiqsucvpi/Build/Intermediates.noindex/ArchiveIntermediates/GroceryApp/IntermediateBuildFilesPath/GroceryApp.build/Release-iphoneos/GroceryApp.build/DerivedSources-normal/arm64 -Xcc -I/Users/tim/Library/Developer/Xcode/DerivedData/GroceryApp-evbjlsgcparbtufznuqhiqsucvpi/Build/Intermediates.noindex/ArchiveIntermediates/GroceryApp/IntermediateBuildFilesPath/GroceryApp.build/Release-iphoneos/GroceryApp.build/DerivedSources/arm64 -Xcc -I/Users/tim/Library/Developer/Xcode/DerivedData/GroceryApp-evbjlsgcparbtufznuqhiqsucvpi/Build/Intermediates.noindex/ArchiveIntermediates/GroceryApp/IntermediateBuildFilesPath/GroceryApp.build/Release-iphoneos/GroceryApp.build/DerivedSources -emit-objc-header -emit-objc-header-path /Users/tim/Library/Developer/Xcode/DerivedData/GroceryApp-evbjlsgcparbtufznuqhiqsucvpi/Build/Intermediates.noindex/ArchiveIntermediates/GroceryApp/IntermediateBuildFilesPath/GroceryApp.build/Release-iphoneos/GroceryApp.build/Objects-normal/arm64/GroceryApp-Swift.h -working-directory /Users/tim/Documents/workspace/swift/apps/grocery-app/GroceryApp -no-emit-module-separately-wmo

SwiftDriverJobDiscovery normal arm64 Compiling Category+CoreDataClass.swift, Category+CoreDataProperties.swift, GroceryCategory.swift, GroceryItem+CoreDataClass.swift, GroceryItem+CoreDataProperties.swift, ShoppingListItem+CoreDataClass.swift, ShoppingListItem+CoreDataProperties.swift, Store+CoreDataClass.swift, Store+CoreDataProperties.swift, CategoryService.swift, DataService.swift, ImportData.swift, MasterListImportService.swift, ShoppingListService.swift, StoreService.swift, AboutView.swift, AddCategoryView.swift, AddItemView.swift, AddStoreView.swift, HelpView.swift, LandingView.swift, MainTabView.swift, MasterListView.swift, SettingsView.swift, ShoppingListView.swift, StoreListView.swift, StoreShoppingListView.swift, ContentView.swift, GroceryAppApp.swift, Persistence.swift, GeneratedAssetSymbols.swift (in target 'GroceryApp' from project 'GroceryApp')

SwiftDriver\ Compilation\ Requirements GroceryApp normal arm64 com.apple.xcode.tools.swift.compiler (in target 'GroceryApp' from project 'GroceryApp')
    cd /Users/tim/Documents/workspace/swift/apps/grocery-app/GroceryApp
    builtin-Swift-Compilation-Requirements -- /Applications/Xcode.app/Contents/Developer/Toolchains/XcodeDefault.xctoolchain/usr/bin/swiftc -module-name GroceryApp -O -whole-module-optimization -enforce-exclusivity\=checked @/Users/tim/Library/Developer/Xcode/DerivedData/GroceryApp-evbjlsgcparbtufznuqhiqsucvpi/Build/Intermediates.noindex/ArchiveIntermediates/GroceryApp/IntermediateBuildFilesPath/GroceryApp.build/Release-iphoneos/GroceryApp.build/Objects-normal/arm64/GroceryApp.SwiftFileList -enable-bare-slash-regex -enable-experimental-feature DebugDescriptionMacro -sdk /Applications/Xcode.app/Contents/Developer/Platforms/iPhoneOS.platform/Developer/SDKs/iPhoneOS26.2.sdk -target arm64-apple-ios18.5 -g -module-cache-path /Users/tim/Library/Developer/Xcode/DerivedData/ModuleCache.noindex -Xfrontend -serialize-debugging-options -swift-version 5 -I /Users/tim/Library/Developer/Xcode/DerivedData/GroceryApp-evbjlsgcparbtufznuqhiqsucvpi/Build/Intermediates.noindex/ArchiveIntermediates/GroceryApp/BuildProductsPath/Release-iphoneos -F /Users/tim/Library/Developer/Xcode/DerivedData/GroceryApp-evbjlsgcparbtufznuqhiqsucvpi/Build/Intermediates.noindex/ArchiveIntermediates/GroceryApp/BuildProductsPath/Release-iphoneos -emit-localized-strings -emit-localized-strings-path /Users/tim/Library/Developer/Xcode/DerivedData/GroceryApp-evbjlsgcparbtufznuqhiqsucvpi/Build/Intermediates.noindex/ArchiveIntermediates/GroceryApp/IntermediateBuildFilesPath/GroceryApp.build/Release-iphoneos/GroceryApp.build/Objects-normal/arm64 -c -num-threads 10 -Xcc -ivfsstatcache -Xcc /Users/tim/Library/Developer/Xcode/DerivedData/SDKStatCaches.noindex/iphoneos26.2-23C53-3794476bd08197c3e2abd9bb477ef7f7.sdkstatcache -output-file-map /Users/tim/Library/Developer/Xcode/DerivedData/GroceryApp-evbjlsgcparbtufznuqhiqsucvpi/Build/Intermediates.noindex/ArchiveIntermediates/GroceryApp/IntermediateBuildFilesPath/GroceryApp.build/Release-iphoneos/GroceryApp.build/Objects-normal/arm64/GroceryApp-OutputFileMap.json -use-frontend-parseable-output -save-temps -no-color-diagnostics -explicit-module-build -module-cache-path /Users/tim/Library/Developer/Xcode/DerivedData/GroceryApp-evbjlsgcparbtufznuqhiqsucvpi/Build/Intermediates.noindex/ArchiveIntermediates/GroceryApp/IntermediateBuildFilesPath/SwiftExplicitPrecompiledModules -clang-scanner-module-cache-path /Users/tim/Library/Developer/Xcode/DerivedData/ModuleCache.noindex -sdk-module-cache-path /Users/tim/Library/Developer/Xcode/DerivedData/ModuleCache.noindex -serialize-diagnostics -emit-dependencies -emit-module -emit-module-path /Users/tim/Library/Developer/Xcode/DerivedData/GroceryApp-evbjlsgcparbtufznuqhiqsucvpi/Build/Intermediates.noindex/ArchiveIntermediates/GroceryApp/IntermediateBuildFilesPath/GroceryApp.build/Release-iphoneos/GroceryApp.build/Objects-normal/arm64/GroceryApp.swiftmodule -validate-clang-modules-once -clang-build-session-file /Users/tim/Library/Developer/Xcode/DerivedData/ModuleCache.noindex/Session.modulevalidation -Xcc -I/Users/tim/Library/Developer/Xcode/DerivedData/GroceryApp-evbjlsgcparbtufznuqhiqsucvpi/Build/Intermediates.noindex/ArchiveIntermediates/GroceryApp/IntermediateBuildFilesPath/GroceryApp.build/Release-iphoneos/GroceryApp.build/swift-overrides.hmap -emit-const-values -Xfrontend -const-gather-protocols-file -Xfrontend /Users/tim/Library/Developer/Xcode/DerivedData/GroceryApp-evbjlsgcparbtufznuqhiqsucvpi/Build/Intermediates.noindex/ArchiveIntermediates/GroceryApp/IntermediateBuildFilesPath/GroceryApp.build/Release-iphoneos/GroceryApp.build/Objects-normal/arm64/GroceryApp_const_extract_protocols.json -Xcc -iquote -Xcc /Users/tim/Library/Developer/Xcode/DerivedData/GroceryApp-evbjlsgcparbtufznuqhiqsucvpi/Build/Intermediates.noindex/ArchiveIntermediates/GroceryApp/IntermediateBuildFilesPath/GroceryApp.build/Release-iphoneos/GroceryApp.build/GroceryApp-generated-files.hmap -Xcc -I/Users/tim/Library/Developer/Xcode/DerivedData/GroceryApp-evbjlsgcparbtufznuqhiqsucvpi/Build/Intermediates.noindex/ArchiveIntermediates/GroceryApp/IntermediateBuildFilesPath/GroceryApp.build/Release-iphoneos/GroceryApp.build/GroceryApp-own-target-headers.hmap -Xcc -I/Users/tim/Library/Developer/Xcode/DerivedData/GroceryApp-evbjlsgcparbtufznuqhiqsucvpi/Build/Intermediates.noindex/ArchiveIntermediates/GroceryApp/IntermediateBuildFilesPath/GroceryApp.build/Release-iphoneos/GroceryApp.build/GroceryApp-all-target-headers.hmap -Xcc -iquote -Xcc /Users/tim/Library/Developer/Xcode/DerivedData/GroceryApp-evbjlsgcparbtufznuqhiqsucvpi/Build/Intermediates.noindex/ArchiveIntermediates/GroceryApp/IntermediateBuildFilesPath/GroceryApp.build/Release-iphoneos/GroceryApp.build/GroceryApp-project-headers.hmap -Xcc -I/Users/tim/Library/Developer/Xcode/DerivedData/GroceryApp-evbjlsgcparbtufznuqhiqsucvpi/Build/Intermediates.noindex/ArchiveIntermediates/GroceryApp/BuildProductsPath/Release-iphoneos/include -Xcc -I/Users/tim/Library/Developer/Xcode/DerivedData/GroceryApp-evbjlsgcparbtufznuqhiqsucvpi/Build/Intermediates.noindex/ArchiveIntermediates/GroceryApp/IntermediateBuildFilesPath/GroceryApp.build/Release-iphoneos/GroceryApp.build/DerivedSources-normal/arm64 -Xcc -I/Users/tim/Library/Developer/Xcode/DerivedData/GroceryApp-evbjlsgcparbtufznuqhiqsucvpi/Build/Intermediates.noindex/ArchiveIntermediates/GroceryApp/IntermediateBuildFilesPath/GroceryApp.build/Release-iphoneos/GroceryApp.build/DerivedSources/arm64 -Xcc -I/Users/tim/Library/Developer/Xcode/DerivedData/GroceryApp-evbjlsgcparbtufznuqhiqsucvpi/Build/Intermediates.noindex/ArchiveIntermediates/GroceryApp/IntermediateBuildFilesPath/GroceryApp.build/Release-iphoneos/GroceryApp.build/DerivedSources -emit-objc-header -emit-objc-header-path /Users/tim/Library/Developer/Xcode/DerivedData/GroceryApp-evbjlsgcparbtufznuqhiqsucvpi/Build/Intermediates.noindex/ArchiveIntermediates/GroceryApp/IntermediateBuildFilesPath/GroceryApp.build/Release-iphoneos/GroceryApp.build/Objects-normal/arm64/GroceryApp-Swift.h -working-directory /Users/tim/Documents/workspace/swift/apps/grocery-app/GroceryApp -no-emit-module-separately-wmo

SwiftMergeGeneratedHeaders /Users/tim/Library/Developer/Xcode/DerivedData/GroceryApp-evbjlsgcparbtufznuqhiqsucvpi/Build/Intermediates.noindex/ArchiveIntermediates/GroceryApp/IntermediateBuildFilesPath/GroceryApp.build/Release-iphoneos/GroceryApp.build/DerivedSources/GroceryApp-Swift.h /Users/tim/Library/Developer/Xcode/DerivedData/GroceryApp-evbjlsgcparbtufznuqhiqsucvpi/Build/Intermediates.noindex/ArchiveIntermediates/GroceryApp/IntermediateBuildFilesPath/GroceryApp.build/Release-iphoneos/GroceryApp.build/Objects-normal/arm64/GroceryApp-Swift.h (in target 'GroceryApp' from project 'GroceryApp')
    cd /Users/tim/Documents/workspace/swift/apps/grocery-app/GroceryApp
    builtin-swiftHeaderTool -arch arm64 /Users/tim/Library/Developer/Xcode/DerivedData/GroceryApp-evbjlsgcparbtufznuqhiqsucvpi/Build/Intermediates.noindex/ArchiveIntermediates/GroceryApp/IntermediateBuildFilesPath/GroceryApp.build/Release-iphoneos/GroceryApp.build/Objects-normal/arm64/GroceryApp-Swift.h -o /Users/tim/Library/Developer/Xcode/DerivedData/GroceryApp-evbjlsgcparbtufznuqhiqsucvpi/Build/Intermediates.noindex/ArchiveIntermediates/GroceryApp/IntermediateBuildFilesPath/GroceryApp.build/Release-iphoneos/GroceryApp.build/DerivedSources/GroceryApp-Swift.h

Copy /Users/tim/Library/Developer/Xcode/DerivedData/GroceryApp-evbjlsgcparbtufznuqhiqsucvpi/Build/Intermediates.noindex/ArchiveIntermediates/GroceryApp/BuildProductsPath/Release-iphoneos/GroceryApp.swiftmodule/arm64-apple-ios.swiftdoc /Users/tim/Library/Developer/Xcode/DerivedData/GroceryApp-evbjlsgcparbtufznuqhiqsucvpi/Build/Intermediates.noindex/ArchiveIntermediates/GroceryApp/IntermediateBuildFilesPath/GroceryApp.build/Release-iphoneos/GroceryApp.build/Objects-normal/arm64/GroceryApp.swiftdoc (in target 'GroceryApp' from project 'GroceryApp')
    cd /Users/tim/Documents/workspace/swift/apps/grocery-app/GroceryApp
    builtin-copy -exclude .DS_Store -exclude CVS -exclude .svn -exclude .git -exclude .hg -resolve-src-symlinks -rename /Users/tim/Library/Developer/Xcode/DerivedData/GroceryApp-evbjlsgcparbtufznuqhiqsucvpi/Build/Intermediates.noindex/ArchiveIntermediates/GroceryApp/IntermediateBuildFilesPath/GroceryApp.build/Release-iphoneos/GroceryApp.build/Objects-normal/arm64/GroceryApp.swiftdoc /Users/tim/Library/Developer/Xcode/DerivedData/GroceryApp-evbjlsgcparbtufznuqhiqsucvpi/Build/Intermediates.noindex/ArchiveIntermediates/GroceryApp/BuildProductsPath/Release-iphoneos/GroceryApp.swiftmodule/arm64-apple-ios.swiftdoc

Copy /Users/tim/Library/Developer/Xcode/DerivedData/GroceryApp-evbjlsgcparbtufznuqhiqsucvpi/Build/Intermediates.noindex/ArchiveIntermediates/GroceryApp/BuildProductsPath/Release-iphoneos/GroceryApp.swiftmodule/arm64-apple-ios.swiftmodule /Users/tim/Library/Developer/Xcode/DerivedData/GroceryApp-evbjlsgcparbtufznuqhiqsucvpi/Build/Intermediates.noindex/ArchiveIntermediates/GroceryApp/IntermediateBuildFilesPath/GroceryApp.build/Release-iphoneos/GroceryApp.build/Objects-normal/arm64/GroceryApp.swiftmodule (in target 'GroceryApp' from project 'GroceryApp')
    cd /Users/tim/Documents/workspace/swift/apps/grocery-app/GroceryApp
    builtin-copy -exclude .DS_Store -exclude CVS -exclude .svn -exclude .git -exclude .hg -resolve-src-symlinks -rename /Users/tim/Library/Developer/Xcode/DerivedData/GroceryApp-evbjlsgcparbtufznuqhiqsucvpi/Build/Intermediates.noindex/ArchiveIntermediates/GroceryApp/IntermediateBuildFilesPath/GroceryApp.build/Release-iphoneos/GroceryApp.build/Objects-normal/arm64/GroceryApp.swiftmodule /Users/tim/Library/Developer/Xcode/DerivedData/GroceryApp-evbjlsgcparbtufznuqhiqsucvpi/Build/Intermediates.noindex/ArchiveIntermediates/GroceryApp/BuildProductsPath/Release-iphoneos/GroceryApp.swiftmodule/arm64-apple-ios.swiftmodule

Copy /Users/tim/Library/Developer/Xcode/DerivedData/GroceryApp-evbjlsgcparbtufznuqhiqsucvpi/Build/Intermediates.noindex/ArchiveIntermediates/GroceryApp/BuildProductsPath/Release-iphoneos/GroceryApp.swiftmodule/arm64-apple-ios.abi.json /Users/tim/Library/Developer/Xcode/DerivedData/GroceryApp-evbjlsgcparbtufznuqhiqsucvpi/Build/Intermediates.noindex/ArchiveIntermediates/GroceryApp/IntermediateBuildFilesPath/GroceryApp.build/Release-iphoneos/GroceryApp.build/Objects-normal/arm64/GroceryApp.abi.json (in target 'GroceryApp' from project 'GroceryApp')
    cd /Users/tim/Documents/workspace/swift/apps/grocery-app/GroceryApp
    builtin-copy -exclude .DS_Store -exclude CVS -exclude .svn -exclude .git -exclude .hg -resolve-src-symlinks -rename /Users/tim/Library/Developer/Xcode/DerivedData/GroceryApp-evbjlsgcparbtufznuqhiqsucvpi/Build/Intermediates.noindex/ArchiveIntermediates/GroceryApp/IntermediateBuildFilesPath/GroceryApp.build/Release-iphoneos/GroceryApp.build/Objects-normal/arm64/GroceryApp.abi.json /Users/tim/Library/Developer/Xcode/DerivedData/GroceryApp-evbjlsgcparbtufznuqhiqsucvpi/Build/Intermediates.noindex/ArchiveIntermediates/GroceryApp/BuildProductsPath/Release-iphoneos/GroceryApp.swiftmodule/arm64-apple-ios.abi.json

Ld /Users/tim/Library/Developer/Xcode/DerivedData/GroceryApp-evbjlsgcparbtufznuqhiqsucvpi/Build/Intermediates.noindex/ArchiveIntermediates/GroceryApp/InstallationBuildProductsLocation/Applications/GroceryApp.app/GroceryApp normal (in target 'GroceryApp' from project 'GroceryApp')
    cd /Users/tim/Documents/workspace/swift/apps/grocery-app/GroceryApp
    /Applications/Xcode.app/Contents/Developer/Toolchains/XcodeDefault.xctoolchain/usr/bin/clang -Xlinker -reproducible -target arm64-apple-ios18.5 -isysroot /Applications/Xcode.app/Contents/Developer/Platforms/iPhoneOS.platform/Developer/SDKs/iPhoneOS26.2.sdk -Os -L/Users/tim/Library/Developer/Xcode/DerivedData/GroceryApp-evbjlsgcparbtufznuqhiqsucvpi/Build/Intermediates.noindex/ArchiveIntermediates/GroceryApp/IntermediateBuildFilesPath/EagerLinkingTBDs/Release-iphoneos -L/Users/tim/Library/Developer/Xcode/DerivedData/GroceryApp-evbjlsgcparbtufznuqhiqsucvpi/Build/Intermediates.noindex/ArchiveIntermediates/GroceryApp/BuildProductsPath/Release-iphoneos -F/Users/tim/Library/Developer/Xcode/DerivedData/GroceryApp-evbjlsgcparbtufznuqhiqsucvpi/Build/Intermediates.noindex/ArchiveIntermediates/GroceryApp/IntermediateBuildFilesPath/EagerLinkingTBDs/Release-iphoneos -F/Users/tim/Library/Developer/Xcode/DerivedData/GroceryApp-evbjlsgcparbtufznuqhiqsucvpi/Build/Intermediates.noindex/ArchiveIntermediates/GroceryApp/BuildProductsPath/Release-iphoneos -filelist /Users/tim/Library/Developer/Xcode/DerivedData/GroceryApp-evbjlsgcparbtufznuqhiqsucvpi/Build/Intermediates.noindex/ArchiveIntermediates/GroceryApp/IntermediateBuildFilesPath/GroceryApp.build/Release-iphoneos/GroceryApp.build/Objects-normal/arm64/GroceryApp.LinkFileList -Xlinker -rpath -Xlinker /usr/lib/swift -Xlinker -rpath -Xlinker @executable_path/Frameworks -dead_strip -Xlinker -object_path_lto -Xlinker /Users/tim/Library/Developer/Xcode/DerivedData/GroceryApp-evbjlsgcparbtufznuqhiqsucvpi/Build/Intermediates.noindex/ArchiveIntermediates/GroceryApp/IntermediateBuildFilesPath/GroceryApp.build/Release-iphoneos/GroceryApp.build/Objects-normal/arm64/GroceryApp_lto.o -Xlinker -final_output -Xlinker /Applications/GroceryApp.app/GroceryApp -Xlinker -dependency_info -Xlinker /Users/tim/Library/Developer/Xcode/DerivedData/GroceryApp-evbjlsgcparbtufznuqhiqsucvpi/Build/Intermediates.noindex/ArchiveIntermediates/GroceryApp/IntermediateBuildFilesPath/GroceryApp.build/Release-iphoneos/GroceryApp.build/Objects-normal/arm64/GroceryApp_dependency_info.dat -fobjc-link-runtime -L/Applications/Xcode.app/Contents/Developer/Toolchains/XcodeDefault.xctoolchain/usr/lib/swift/iphoneos -L/usr/lib/swift -Xlinker -add_ast_path -Xlinker /Users/tim/Library/Developer/Xcode/DerivedData/GroceryApp-evbjlsgcparbtufznuqhiqsucvpi/Build/Intermediates.noindex/ArchiveIntermediates/GroceryApp/IntermediateBuildFilesPath/GroceryApp.build/Release-iphoneos/GroceryApp.build/Objects-normal/arm64/GroceryApp.swiftmodule @/Users/tim/Library/Developer/Xcode/DerivedData/GroceryApp-evbjlsgcparbtufznuqhiqsucvpi/Build/Intermediates.noindex/ArchiveIntermediates/GroceryApp/IntermediateBuildFilesPath/GroceryApp.build/Release-iphoneos/GroceryApp.build/Objects-normal/arm64/GroceryApp-linker-args.resp -Xlinker -no_adhoc_codesign -o /Users/tim/Library/Developer/Xcode/DerivedData/GroceryApp-evbjlsgcparbtufznuqhiqsucvpi/Build/Intermediates.noindex/ArchiveIntermediates/GroceryApp/InstallationBuildProductsLocation/Applications/GroceryApp.app/GroceryApp

LinkAssetCatalog /Users/tim/Documents/workspace/swift/apps/grocery-app/GroceryApp/GroceryApp/Assets.xcassets (in target 'GroceryApp' from project 'GroceryApp')
    cd /Users/tim/Documents/workspace/swift/apps/grocery-app/GroceryApp
    builtin-linkAssetCatalog --thinned /Users/tim/Library/Developer/Xcode/DerivedData/GroceryApp-evbjlsgcparbtufznuqhiqsucvpi/Build/Intermediates.noindex/ArchiveIntermediates/GroceryApp/IntermediateBuildFilesPath/GroceryApp.build/Release-iphoneos/GroceryApp.build/assetcatalog_output/thinned --thinned-dependencies /Users/tim/Library/Developer/Xcode/DerivedData/GroceryApp-evbjlsgcparbtufznuqhiqsucvpi/Build/Intermediates.noindex/ArchiveIntermediates/GroceryApp/IntermediateBuildFilesPath/GroceryApp.build/Release-iphoneos/GroceryApp.build/assetcatalog_dependencies_thinned --thinned-info-plist-content /Users/tim/Library/Developer/Xcode/DerivedData/GroceryApp-evbjlsgcparbtufznuqhiqsucvpi/Build/Intermediates.noindex/ArchiveIntermediates/GroceryApp/IntermediateBuildFilesPath/GroceryApp.build/Release-iphoneos/GroceryApp.build/assetcatalog_generated_info.plist_thinned --unthinned /Users/tim/Library/Developer/Xcode/DerivedData/GroceryApp-evbjlsgcparbtufznuqhiqsucvpi/Build/Intermediates.noindex/ArchiveIntermediates/GroceryApp/IntermediateBuildFilesPath/GroceryApp.build/Release-iphoneos/GroceryApp.build/assetcatalog_output/unthinned --unthinned-dependencies /Users/tim/Library/Developer/Xcode/DerivedData/GroceryApp-evbjlsgcparbtufznuqhiqsucvpi/Build/Intermediates.noindex/ArchiveIntermediates/GroceryApp/IntermediateBuildFilesPath/GroceryApp.build/Release-iphoneos/GroceryApp.build/assetcatalog_dependencies_unthinned --unthinned-info-plist-content /Users/tim/Library/Developer/Xcode/DerivedData/GroceryApp-evbjlsgcparbtufznuqhiqsucvpi/Build/Intermediates.noindex/ArchiveIntermediates/GroceryApp/IntermediateBuildFilesPath/GroceryApp.build/Release-iphoneos/GroceryApp.build/assetcatalog_generated_info.plist_unthinned --output /Users/tim/Library/Developer/Xcode/DerivedData/GroceryApp-evbjlsgcparbtufznuqhiqsucvpi/Build/Intermediates.noindex/ArchiveIntermediates/GroceryApp/InstallationBuildProductsLocation/Applications/GroceryApp.app --plist-output /Users/tim/Library/Developer/Xcode/DerivedData/GroceryApp-evbjlsgcparbtufznuqhiqsucvpi/Build/Intermediates.noindex/ArchiveIntermediates/GroceryApp/IntermediateBuildFilesPath/GroceryApp.build/Release-iphoneos/GroceryApp.build/assetcatalog_generated_info.plist
note: Emplaced /Users/tim/Library/Developer/Xcode/DerivedData/GroceryApp-evbjlsgcparbtufznuqhiqsucvpi/Build/Intermediates.noindex/ArchiveIntermediates/GroceryApp/InstallationBuildProductsLocation/Applications/GroceryApp.app/Assets.car (in target 'GroceryApp' from project 'GroceryApp')

ProcessInfoPlistFile /Users/tim/Library/Developer/Xcode/DerivedData/GroceryApp-evbjlsgcparbtufznuqhiqsucvpi/Build/Intermediates.noindex/ArchiveIntermediates/GroceryApp/InstallationBuildProductsLocation/Applications/GroceryApp.app/Info.plist /Users/tim/Library/Developer/Xcode/DerivedData/GroceryApp-evbjlsgcparbtufznuqhiqsucvpi/Build/Intermediates.noindex/ArchiveIntermediates/GroceryApp/IntermediateBuildFilesPath/GroceryApp.build/Release-iphoneos/GroceryApp.build/empty-GroceryApp.plist (in target 'GroceryApp' from project 'GroceryApp')
    cd /Users/tim/Documents/workspace/swift/apps/grocery-app/GroceryApp
    builtin-infoPlistUtility /Users/tim/Library/Developer/Xcode/DerivedData/GroceryApp-evbjlsgcparbtufznuqhiqsucvpi/Build/Intermediates.noindex/ArchiveIntermediates/GroceryApp/IntermediateBuildFilesPath/GroceryApp.build/Release-iphoneos/GroceryApp.build/empty-GroceryApp.plist -producttype com.apple.product-type.application -genpkginfo /Users/tim/Library/Developer/Xcode/DerivedData/GroceryApp-evbjlsgcparbtufznuqhiqsucvpi/Build/Intermediates.noindex/ArchiveIntermediates/GroceryApp/InstallationBuildProductsLocation/Applications/GroceryApp.app/PkgInfo -expandbuildsettings -format binary -platform iphoneos -additionalcontentfile /Users/tim/Library/Developer/Xcode/DerivedData/GroceryApp-evbjlsgcparbtufznuqhiqsucvpi/Build/Intermediates.noindex/ArchiveIntermediates/GroceryApp/IntermediateBuildFilesPath/GroceryApp.build/Release-iphoneos/GroceryApp.build/assetcatalog_generated_info.plist -requiredArchitecture arm64 -o /Users/tim/Library/Developer/Xcode/DerivedData/GroceryApp-evbjlsgcparbtufznuqhiqsucvpi/Build/Intermediates.noindex/ArchiveIntermediates/GroceryApp/InstallationBuildProductsLocation/Applications/GroceryApp.app/Info.plist

CopySwiftLibs /Users/tim/Library/Developer/Xcode/DerivedData/GroceryApp-evbjlsgcparbtufznuqhiqsucvpi/Build/Intermediates.noindex/ArchiveIntermediates/GroceryApp/InstallationBuildProductsLocation/Applications/GroceryApp.app (in target 'GroceryApp' from project 'GroceryApp')
    cd /Users/tim/Documents/workspace/swift/apps/grocery-app/GroceryApp
    builtin-swiftStdLibTool --copy --verbose --sign B6AE8192D909CF78E0489BAC9D5D5845090BEB14 --scan-executable /Users/tim/Library/Developer/Xcode/DerivedData/GroceryApp-evbjlsgcparbtufznuqhiqsucvpi/Build/Intermediates.noindex/ArchiveIntermediates/GroceryApp/InstallationBuildProductsLocation/Applications/GroceryApp.app/GroceryApp --scan-folder /Users/tim/Library/Developer/Xcode/DerivedData/GroceryApp-evbjlsgcparbtufznuqhiqsucvpi/Build/Intermediates.noindex/ArchiveIntermediates/GroceryApp/InstallationBuildProductsLocation/Applications/GroceryApp.app/Frameworks --scan-folder /Users/tim/Library/Developer/Xcode/DerivedData/GroceryApp-evbjlsgcparbtufznuqhiqsucvpi/Build/Intermediates.noindex/ArchiveIntermediates/GroceryApp/InstallationBuildProductsLocation/Applications/GroceryApp.app/PlugIns --scan-folder /Users/tim/Library/Developer/Xcode/DerivedData/GroceryApp-evbjlsgcparbtufznuqhiqsucvpi/Build/Intermediates.noindex/ArchiveIntermediates/GroceryApp/InstallationBuildProductsLocation/Applications/GroceryApp.app/SystemExtensions --scan-folder /Users/tim/Library/Developer/Xcode/DerivedData/GroceryApp-evbjlsgcparbtufznuqhiqsucvpi/Build/Intermediates.noindex/ArchiveIntermediates/GroceryApp/InstallationBuildProductsLocation/Applications/GroceryApp.app/Extensions --platform iphoneos --toolchain /Applications/Xcode.app/Contents/Developer/Toolchains/XcodeDefault.xctoolchain --destination /Users/tim/Library/Developer/Xcode/DerivedData/GroceryApp-evbjlsgcparbtufznuqhiqsucvpi/Build/Intermediates.noindex/ArchiveIntermediates/GroceryApp/InstallationBuildProductsLocation/Applications/GroceryApp.app/Frameworks --unsigned-destination /Users/tim/Library/Developer/Xcode/DerivedData/GroceryApp-evbjlsgcparbtufznuqhiqsucvpi/Build/Intermediates.noindex/ArchiveIntermediates/GroceryApp/BuildProductsPath/SwiftSupport --strip-bitcode --strip-bitcode-tool /Applications/Xcode.app/Contents/Developer/Toolchains/XcodeDefault.xctoolchain/usr/bin/bitcode_strip --emit-dependency-info /Users/tim/Library/Developer/Xcode/DerivedData/GroceryApp-evbjlsgcparbtufznuqhiqsucvpi/Build/Intermediates.noindex/ArchiveIntermediates/GroceryApp/IntermediateBuildFilesPath/GroceryApp.build/Release-iphoneos/GroceryApp.build/SwiftStdLibToolInputDependencies.dep --filter-for-swift-os --back-deploy-swift-span

ExtractAppIntentsMetadata (in target 'GroceryApp' from project 'GroceryApp')
    cd /Users/tim/Documents/workspace/swift/apps/grocery-app/GroceryApp
    /Applications/Xcode.app/Contents/Developer/Toolchains/XcodeDefault.xctoolchain/usr/bin/appintentsmetadataprocessor --toolchain-dir /Applications/Xcode.app/Contents/Developer/Toolchains/XcodeDefault.xctoolchain --module-name GroceryApp --sdk-root /Applications/Xcode.app/Contents/Developer/Platforms/iPhoneOS.platform/Developer/SDKs/iPhoneOS26.2.sdk --xcode-version 17C52 --platform-family iOS --deployment-target 18.5 --bundle-identifier com.inquisitivefrog.GroceryShopping --output /Users/tim/Library/Developer/Xcode/DerivedData/GroceryApp-evbjlsgcparbtufznuqhiqsucvpi/Build/Intermediates.noindex/ArchiveIntermediates/GroceryApp/InstallationBuildProductsLocation/Applications/GroceryApp.app --target-triple arm64-apple-ios18.5 --binary-file /Users/tim/Library/Developer/Xcode/DerivedData/GroceryApp-evbjlsgcparbtufznuqhiqsucvpi/Build/Intermediates.noindex/ArchiveIntermediates/GroceryApp/InstallationBuildProductsLocation/Applications/GroceryApp.app/GroceryApp --dependency-file /Users/tim/Library/Developer/Xcode/DerivedData/GroceryApp-evbjlsgcparbtufznuqhiqsucvpi/Build/Intermediates.noindex/ArchiveIntermediates/GroceryApp/IntermediateBuildFilesPath/GroceryApp.build/Release-iphoneos/GroceryApp.build/Objects-normal/arm64/GroceryApp_dependency_info.dat --stringsdata-file /Users/tim/Library/Developer/Xcode/DerivedData/GroceryApp-evbjlsgcparbtufznuqhiqsucvpi/Build/Intermediates.noindex/ArchiveIntermediates/GroceryApp/IntermediateBuildFilesPath/GroceryApp.build/Release-iphoneos/GroceryApp.build/Objects-normal/arm64/ExtractedAppShortcutsMetadata.stringsdata --source-file-list /Users/tim/Library/Developer/Xcode/DerivedData/GroceryApp-evbjlsgcparbtufznuqhiqsucvpi/Build/Intermediates.noindex/ArchiveIntermediates/GroceryApp/IntermediateBuildFilesPath/GroceryApp.build/Release-iphoneos/GroceryApp.build/Objects-normal/arm64/GroceryApp.SwiftFileList --metadata-file-list /Users/tim/Library/Developer/Xcode/DerivedData/GroceryApp-evbjlsgcparbtufznuqhiqsucvpi/Build/Intermediates.noindex/ArchiveIntermediates/GroceryApp/IntermediateBuildFilesPath/GroceryApp.build/Release-iphoneos/GroceryApp.build/GroceryApp.DependencyMetadataFileList --static-metadata-file-list /Users/tim/Library/Developer/Xcode/DerivedData/GroceryApp-evbjlsgcparbtufznuqhiqsucvpi/Build/Intermediates.noindex/ArchiveIntermediates/GroceryApp/IntermediateBuildFilesPath/GroceryApp.build/Release-iphoneos/GroceryApp.build/GroceryApp.DependencyStaticMetadataFileList --swift-const-vals-list /Users/tim/Library/Developer/Xcode/DerivedData/GroceryApp-evbjlsgcparbtufznuqhiqsucvpi/Build/Intermediates.noindex/ArchiveIntermediates/GroceryApp/IntermediateBuildFilesPath/GroceryApp.build/Release-iphoneos/GroceryApp.build/Objects-normal/arm64/GroceryApp.SwiftConstValuesFileList --compile-time-extraction --deployment-aware-processing --validate-assistant-intents --no-app-shortcuts-localization
2026-01-14 13:38:38.952 appintentsmetadataprocessor[68736:939070] Starting appintentsmetadataprocessor export
2026-01-14 13:38:38.954 appintentsmetadataprocessor[68736:939070] warning: Metadata extraction skipped. No AppIntents.framework dependency found.

GenerateDSYMFile /Users/tim/Library/Developer/Xcode/DerivedData/GroceryApp-evbjlsgcparbtufznuqhiqsucvpi/Build/Intermediates.noindex/ArchiveIntermediates/GroceryApp/BuildProductsPath/Release-iphoneos/GroceryApp.app.dSYM /Users/tim/Library/Developer/Xcode/DerivedData/GroceryApp-evbjlsgcparbtufznuqhiqsucvpi/Build/Intermediates.noindex/ArchiveIntermediates/GroceryApp/InstallationBuildProductsLocation/Applications/GroceryApp.app/GroceryApp (in target 'GroceryApp' from project 'GroceryApp')
    cd /Users/tim/Documents/workspace/swift/apps/grocery-app/GroceryApp
    /Applications/Xcode.app/Contents/Developer/Toolchains/XcodeDefault.xctoolchain/usr/bin/dsymutil /Users/tim/Library/Developer/Xcode/DerivedData/GroceryApp-evbjlsgcparbtufznuqhiqsucvpi/Build/Intermediates.noindex/ArchiveIntermediates/GroceryApp/InstallationBuildProductsLocation/Applications/GroceryApp.app/GroceryApp -o /Users/tim/Library/Developer/Xcode/DerivedData/GroceryApp-evbjlsgcparbtufznuqhiqsucvpi/Build/Intermediates.noindex/ArchiveIntermediates/GroceryApp/BuildProductsPath/Release-iphoneos/GroceryApp.app.dSYM

AppIntentsSSUTraining (in target 'GroceryApp' from project 'GroceryApp')
    cd /Users/tim/Documents/workspace/swift/apps/grocery-app/GroceryApp
    /Applications/Xcode.app/Contents/Developer/Toolchains/XcodeDefault.xctoolchain/usr/bin/appintentsnltrainingprocessor --infoplist-path /Users/tim/Library/Developer/Xcode/DerivedData/GroceryApp-evbjlsgcparbtufznuqhiqsucvpi/Build/Intermediates.noindex/ArchiveIntermediates/GroceryApp/InstallationBuildProductsLocation/Applications/GroceryApp.app/Info.plist --temp-dir-path /Users/tim/Library/Developer/Xcode/DerivedData/GroceryApp-evbjlsgcparbtufznuqhiqsucvpi/Build/Intermediates.noindex/ArchiveIntermediates/GroceryApp/IntermediateBuildFilesPath/GroceryApp.build/Release-iphoneos/GroceryApp.build/ssu --bundle-id com.inquisitivefrog.GroceryShopping --product-path /Users/tim/Library/Developer/Xcode/DerivedData/GroceryApp-evbjlsgcparbtufznuqhiqsucvpi/Build/Intermediates.noindex/ArchiveIntermediates/GroceryApp/InstallationBuildProductsLocation/Applications/GroceryApp.app --extracted-metadata-path /Users/tim/Library/Developer/Xcode/DerivedData/GroceryApp-evbjlsgcparbtufznuqhiqsucvpi/Build/Intermediates.noindex/ArchiveIntermediates/GroceryApp/InstallationBuildProductsLocation/Applications/GroceryApp.app/Metadata.appintents --deployment-postprocessing --metadata-file-list /Users/tim/Library/Developer/Xcode/DerivedData/GroceryApp-evbjlsgcparbtufznuqhiqsucvpi/Build/Intermediates.noindex/ArchiveIntermediates/GroceryApp/IntermediateBuildFilesPath/GroceryApp.build/Release-iphoneos/GroceryApp.build/GroceryApp.DependencyMetadataFileList --archive-ssu-assets
2026-01-14 13:38:38.970 appintentsnltrainingprocessor[68737:939074] Parsing options for appintentsnltrainingprocessor
2026-01-14 13:38:38.971 appintentsnltrainingprocessor[68737:939074] No AppShortcuts found - Skipping.

Strip /Users/tim/Library/Developer/Xcode/DerivedData/GroceryApp-evbjlsgcparbtufznuqhiqsucvpi/Build/Intermediates.noindex/ArchiveIntermediates/GroceryApp/InstallationBuildProductsLocation/Applications/GroceryApp.app/GroceryApp (in target 'GroceryApp' from project 'GroceryApp')
    cd /Users/tim/Documents/workspace/swift/apps/grocery-app/GroceryApp
    /Applications/Xcode.app/Contents/Developer/Toolchains/XcodeDefault.xctoolchain/usr/bin/strip -D /Users/tim/Library/Developer/Xcode/DerivedData/GroceryApp-evbjlsgcparbtufznuqhiqsucvpi/Build/Intermediates.noindex/ArchiveIntermediates/GroceryApp/InstallationBuildProductsLocation/Applications/GroceryApp.app/GroceryApp

SetOwnerAndGroup tim:staff /Users/tim/Library/Developer/Xcode/DerivedData/GroceryApp-evbjlsgcparbtufznuqhiqsucvpi/Build/Intermediates.noindex/ArchiveIntermediates/GroceryApp/InstallationBuildProductsLocation/Applications/GroceryApp.app (in target 'GroceryApp' from project 'GroceryApp')
    cd /Users/tim/Documents/workspace/swift/apps/grocery-app/GroceryApp
    /usr/sbin/chown -RH tim:staff /Users/tim/Library/Developer/Xcode/DerivedData/GroceryApp-evbjlsgcparbtufznuqhiqsucvpi/Build/Intermediates.noindex/ArchiveIntermediates/GroceryApp/InstallationBuildProductsLocation/Applications/GroceryApp.app

SetMode u+w,go-w,a+rX /Users/tim/Library/Developer/Xcode/DerivedData/GroceryApp-evbjlsgcparbtufznuqhiqsucvpi/Build/Intermediates.noindex/ArchiveIntermediates/GroceryApp/InstallationBuildProductsLocation/Applications/GroceryApp.app (in target 'GroceryApp' from project 'GroceryApp')
    cd /Users/tim/Documents/workspace/swift/apps/grocery-app/GroceryApp
    /bin/chmod -RH u+w,go-w,a+rX /Users/tim/Library/Developer/Xcode/DerivedData/GroceryApp-evbjlsgcparbtufznuqhiqsucvpi/Build/Intermediates.noindex/ArchiveIntermediates/GroceryApp/InstallationBuildProductsLocation/Applications/GroceryApp.app

CodeSign /Users/tim/Library/Developer/Xcode/DerivedData/GroceryApp-evbjlsgcparbtufznuqhiqsucvpi/Build/Intermediates.noindex/ArchiveIntermediates/GroceryApp/InstallationBuildProductsLocation/Applications/GroceryApp.app (in target 'GroceryApp' from project 'GroceryApp')
    cd /Users/tim/Documents/workspace/swift/apps/grocery-app/GroceryApp
    
    Signing Identity:     "Apple Development: inquisitivefrog@gmail.com (J5N6CC9NS4)"
    Provisioning Profile: "iOS Team Provisioning Profile: com.inquisitivefrog.GroceryShopping"
                          (a66c1556-45e3-473f-8761-74122302dfa1)
    
    /usr/bin/codesign --force --sign B6AE8192D909CF78E0489BAC9D5D5845090BEB14 --entitlements /Users/tim/Library/Developer/Xcode/DerivedData/GroceryApp-evbjlsgcparbtufznuqhiqsucvpi/Build/Intermediates.noindex/ArchiveIntermediates/GroceryApp/IntermediateBuildFilesPath/GroceryApp.build/Release-iphoneos/GroceryApp.build/GroceryApp.app.xcent --generate-entitlement-der /Users/tim/Library/Developer/Xcode/DerivedData/GroceryApp-evbjlsgcparbtufznuqhiqsucvpi/Build/Intermediates.noindex/ArchiveIntermediates/GroceryApp/InstallationBuildProductsLocation/Applications/GroceryApp.app

RegisterExecutionPolicyException /Users/tim/Library/Developer/Xcode/DerivedData/GroceryApp-evbjlsgcparbtufznuqhiqsucvpi/Build/Intermediates.noindex/ArchiveIntermediates/GroceryApp/InstallationBuildProductsLocation/Applications/GroceryApp.app (in target 'GroceryApp' from project 'GroceryApp')
    cd /Users/tim/Documents/workspace/swift/apps/grocery-app/GroceryApp
    builtin-RegisterExecutionPolicyException /Users/tim/Library/Developer/Xcode/DerivedData/GroceryApp-evbjlsgcparbtufznuqhiqsucvpi/Build/Intermediates.noindex/ArchiveIntermediates/GroceryApp/InstallationBuildProductsLocation/Applications/GroceryApp.app

Validate /Users/tim/Library/Developer/Xcode/DerivedData/GroceryApp-evbjlsgcparbtufznuqhiqsucvpi/Build/Intermediates.noindex/ArchiveIntermediates/GroceryApp/InstallationBuildProductsLocation/Applications/GroceryApp.app (in target 'GroceryApp' from project 'GroceryApp')
    cd /Users/tim/Documents/workspace/swift/apps/grocery-app/GroceryApp
    builtin-validationUtility /Users/tim/Library/Developer/Xcode/DerivedData/GroceryApp-evbjlsgcparbtufznuqhiqsucvpi/Build/Intermediates.noindex/ArchiveIntermediates/GroceryApp/InstallationBuildProductsLocation/Applications/GroceryApp.app -validate-for-store -shallow-bundle -infoplist-subpath Info.plist

Touch /Users/tim/Library/Developer/Xcode/DerivedData/GroceryApp-evbjlsgcparbtufznuqhiqsucvpi/Build/Intermediates.noindex/ArchiveIntermediates/GroceryApp/InstallationBuildProductsLocation/Applications/GroceryApp.app (in target 'GroceryApp' from project 'GroceryApp')
    cd /Users/tim/Documents/workspace/swift/apps/grocery-app/GroceryApp
    /usr/bin/touch -c /Users/tim/Library/Developer/Xcode/DerivedData/GroceryApp-evbjlsgcparbtufznuqhiqsucvpi/Build/Intermediates.noindex/ArchiveIntermediates/GroceryApp/InstallationBuildProductsLocation/Applications/GroceryApp.app

** ARCHIVE SUCCEEDED **

(⎈|N/A:N/A)tim@Timothys-MacBook-Air grocery-app % vi logs/xcode_archive.log


