
(⎈|N/A:N/A)tim@Timothys-MacBook-Air DinoGames % xcrun xcresulttool get object --legacy \
  --path "/Users/tim/Library/Developer/Xcode/DerivedData/DinoGames-fbndtrzwkgwdmeenaxdvgclfeolw/Logs/Test/Test-DinoGames-2026.05.12_14-21-30--0700.xcresult" \
  --format json
{
  "_type" : {
    "_name" : "ActionsInvocationRecord"
  },
  "actions" : {
    "_type" : {
      "_name" : "Array"
    },
    "_values" : [
      {
        "_type" : {
          "_name" : "ActionRecord"
        },
        "actionResult" : {
          "_type" : {
            "_name" : "ActionResult"
          },
          "coverage" : {
            "_type" : {
              "_name" : "CodeCoverageInfo"
            },
            "archiveRef" : {
              "_type" : {
                "_name" : "Reference"
              },
              "id" : {
                "_type" : {
                  "_name" : "String"
                },
                "_value" : "0~OAKdj_JOb0SoQRbrXtOa77XV8I669RqiLJHMb-35xKwpDsjUoTF3ND4xmcGBJSLoVmpUO-vSALkVD4Yjt78GUA=="
              }
            },
            "hasCoverageData" : {
              "_type" : {
                "_name" : "Bool"
              },
              "_value" : "true"
            },
            "reportRef" : {
              "_type" : {
                "_name" : "Reference"
              },
              "id" : {
                "_type" : {
                  "_name" : "String"
                },
                "_value" : "0~yK3sH2AlDa--cc5KiC8NTvE6VZ4jaxsepqZH5nkRT3yHWg86PI_Qf5TE1nYyPY0077zp9UrXdQAw-wUukTfkfA=="
              }
            }
          },
          "diagnosticsRef" : {
            "_type" : {
              "_name" : "Reference"
            },
            "id" : {
              "_type" : {
                "_name" : "String"
              },
              "_value" : "0~by-EUy6EWTWtCieFpnbOGprkA-Hs7u8Yvwp_BQJpXJb1hIt3NOOjJi-2jFe7SSrILS4k8A2NIWPXSl8GK2GSYg=="
            }
          },
          "issues" : {
            "_type" : {
              "_name" : "ResultIssueSummaries"
            },
            "testFailureSummaries" : {
              "_type" : {
                "_name" : "Array"
              },
              "_values" : [
                {
                  "_type" : {
                    "_name" : "TestFailureIssueSummary",
                    "_supertype" : {
                      "_name" : "IssueSummary"
                    }
                  },
                  "documentLocationInCreatingWorkspace" : {
                    "_type" : {
                      "_name" : "DocumentLocation"
                    },
                    "concreteTypeName" : {
                      "_type" : {
                        "_name" : "String"
                      },
                      "_value" : "DVTTextDocumentLocation"
                    },
                    "url" : {
                      "_type" : {
                        "_name" : "String"
                      },
                      "_value" : "file:\/\/\/Users\/tim\/Documents\/workspace\/swift\/apps\/dino-games\/DinoGames\/DinoGamesTests\/PterosaurSourceFilesXCTests.swift#EndingLineNumber=61&StartingLineNumber=61"
                    }
                  },
                  "issueType" : {
                    "_type" : {
                      "_name" : "String"
                    },
                    "_value" : "Uncategorized"
                  },
                  "message" : {
                    "_type" : {
                      "_name" : "String"
                    },
                    "_value" : "XCTAssertTrue failed - Missing pterosaur silhouette images for JSON slugs: [\"darwinpterus\", \"eudimorphodon\", \"quetzalcoatlus\"]"
                  },
                  "testCaseName" : {
                    "_type" : {
                      "_name" : "String"
                    },
                    "_value" : "PterosaurSourceFilesXCTests.testPterosaurJSONSlugsHaveMatchingImageFiles()"
                  }
                },
                {
                  "_type" : {
                    "_name" : "TestFailureIssueSummary",
                    "_supertype" : {
                      "_name" : "IssueSummary"
                    }
                  },
                  "documentLocationInCreatingWorkspace" : {
                    "_type" : {
                      "_name" : "DocumentLocation"
                    },
                    "concreteTypeName" : {
                      "_type" : {
                        "_name" : "String"
                      },
                      "_value" : "DVTTextDocumentLocation"
                    },
                    "url" : {
                      "_type" : {
                        "_name" : "String"
                      },
                      "_value" : "file:\/\/\/Users\/tim\/Documents\/workspace\/swift\/apps\/dino-games\/DinoGames\/DinoGamesTests\/MarineReptileSourceFilesXCTests.swift#EndingLineNumber=61&StartingLineNumber=61"
                    }
                  },
                  "issueType" : {
                    "_type" : {
                      "_name" : "String"
                    },
                    "_value" : "Uncategorized"
                  },
                  "message" : {
                    "_type" : {
                      "_name" : "String"
                    },
                    "_value" : "XCTAssertTrue failed - Missing marine silhouette images for JSON slugs: [\"aphrosaurus\", \"attenborosaurus\", \"cryptoclidus\", \"dolichorhynchops\", \"elasmosaurus\", \"hydrotherosaurus\", \"kronosaurus\", \"liopleurodon\", \"mauisaurus\", \"microcleidus\", \"muraenosaurus\", \"phosphosaurus\", \"platecarpus\", \"plesiosaurus\", \"plioplatecarpus\", \"pliosaurus\", \"polycotylus\", \"styxosaurus\", \"thalassomedon\", \"tylosaur\", \"woolungasaurus\", \"yaguarasaurus\"]"
                  },
                  "testCaseName" : {
                    "_type" : {
                      "_name" : "String"
                    },
                    "_value" : "MarineReptileSourceFilesXCTests.testMarineJSONSlugsHaveMatchingImageFiles()"
                  }
                },
                {
                  "_type" : {
                    "_name" : "TestFailureIssueSummary",
                    "_supertype" : {
                      "_name" : "IssueSummary"
                    }
                  },
                  "documentLocationInCreatingWorkspace" : {
                    "_type" : {
                      "_name" : "DocumentLocation"
                    },
                    "concreteTypeName" : {
                      "_type" : {
                        "_name" : "String"
                      },
                      "_value" : "DVTTextDocumentLocation"
                    },
                    "url" : {
                      "_type" : {
                        "_name" : "String"
                      },
                      "_value" : "file:\/\/\/Users\/tim\/Documents\/workspace\/swift\/apps\/dino-games\/DinoGames\/DinoGamesTests\/MarineReptileImageAssetsXCTests.swift#EndingLineNumber=20&StartingLineNumber=20"
                    }
                  },
                  "issueType" : {
                    "_type" : {
                      "_name" : "String"
                    },
                    "_value" : "Uncategorized"
                  },
                  "message" : {
                    "_type" : {
                      "_name" : "String"
                    },
                    "_value" : "XCTAssertTrue failed - Missing silhouette asset for marine-level-four: expected marine-level-silhouette-four"
                  },
                  "testCaseName" : {
                    "_type" : {
                      "_name" : "String"
                    },
                    "_value" : "MarineReptileImageAssetsXCTests.testMarineBaseAndSilhouetteAssetsArePaired()"
                  }
                },
                {
                  "_type" : {
                    "_name" : "TestFailureIssueSummary",
                    "_supertype" : {
                      "_name" : "IssueSummary"
                    }
                  },
                  "documentLocationInCreatingWorkspace" : {
                    "_type" : {
                      "_name" : "DocumentLocation"
                    },
                    "concreteTypeName" : {
                      "_type" : {
                        "_name" : "String"
                      },
                      "_value" : "DVTTextDocumentLocation"
                    },
                    "url" : {
                      "_type" : {
                        "_name" : "String"
                      },
                      "_value" : "file:\/\/\/Users\/tim\/Documents\/workspace\/swift\/apps\/dino-games\/DinoGames\/DinoGamesTests\/MarineReptileImageAssetsXCTests.swift#EndingLineNumber=20&StartingLineNumber=20"
                    }
                  },
                  "issueType" : {
                    "_type" : {
                      "_name" : "String"
                    },
                    "_value" : "Uncategorized"
                  },
                  "message" : {
                    "_type" : {
                      "_name" : "String"
                    },
                    "_value" : "XCTAssertTrue failed - Missing silhouette asset for marine-level-seven: expected marine-level-silhouette-seven"
                  },
                  "testCaseName" : {
                    "_type" : {
                      "_name" : "String"
                    },
                    "_value" : "MarineReptileImageAssetsXCTests.testMarineBaseAndSilhouetteAssetsArePaired()"
                  }
                },
                {
                  "_type" : {
                    "_name" : "TestFailureIssueSummary",
                    "_supertype" : {
                      "_name" : "IssueSummary"
                    }
                  },
                  "documentLocationInCreatingWorkspace" : {
                    "_type" : {
                      "_name" : "DocumentLocation"
                    },
                    "concreteTypeName" : {
                      "_type" : {
                        "_name" : "String"
                      },
                      "_value" : "DVTTextDocumentLocation"
                    },
                    "url" : {
                      "_type" : {
                        "_name" : "String"
                      },
                      "_value" : "file:\/\/\/Users\/tim\/Documents\/workspace\/swift\/apps\/dino-games\/DinoGames\/DinoGamesTests\/MarineReptileImageAssetsXCTests.swift#EndingLineNumber=20&StartingLineNumber=20"
                    }
                  },
                  "issueType" : {
                    "_type" : {
                      "_name" : "String"
                    },
                    "_value" : "Uncategorized"
                  },
                  "message" : {
                    "_type" : {
                      "_name" : "String"
                    },
                    "_value" : "XCTAssertTrue failed - Missing silhouette asset for marine-level-two: expected marine-level-silhouette-two"
                  },
                  "testCaseName" : {
                    "_type" : {
                      "_name" : "String"
                    },
                    "_value" : "MarineReptileImageAssetsXCTests.testMarineBaseAndSilhouetteAssetsArePaired()"
                  }
                },
                {
                  "_type" : {
                    "_name" : "TestFailureIssueSummary",
                    "_supertype" : {
                      "_name" : "IssueSummary"
                    }
                  },
                  "documentLocationInCreatingWorkspace" : {
                    "_type" : {
                      "_name" : "DocumentLocation"
                    },
                    "concreteTypeName" : {
                      "_type" : {
                        "_name" : "String"
                      },
                      "_value" : "DVTTextDocumentLocation"
                    },
                    "url" : {
                      "_type" : {
                        "_name" : "String"
                      },
                      "_value" : "file:\/\/\/Users\/tim\/Documents\/workspace\/swift\/apps\/dino-games\/DinoGames\/DinoGamesTests\/MarineReptileImageAssetsXCTests.swift#EndingLineNumber=20&StartingLineNumber=20"
                    }
                  },
                  "issueType" : {
                    "_type" : {
                      "_name" : "String"
                    },
                    "_value" : "Uncategorized"
                  },
                  "message" : {
                    "_type" : {
                      "_name" : "String"
                    },
                    "_value" : "XCTAssertTrue failed - Missing silhouette asset for marine-level-eight: expected marine-level-silhouette-eight"
                  },
                  "testCaseName" : {
                    "_type" : {
                      "_name" : "String"
                    },
                    "_value" : "MarineReptileImageAssetsXCTests.testMarineBaseAndSilhouetteAssetsArePaired()"
                  }
                },
                {
                  "_type" : {
                    "_name" : "TestFailureIssueSummary",
                    "_supertype" : {
                      "_name" : "IssueSummary"
                    }
                  },
                  "documentLocationInCreatingWorkspace" : {
                    "_type" : {
                      "_name" : "DocumentLocation"
                    },
                    "concreteTypeName" : {
                      "_type" : {
                        "_name" : "String"
                      },
                      "_value" : "DVTTextDocumentLocation"
                    },
                    "url" : {
                      "_type" : {
                        "_name" : "String"
                      },
                      "_value" : "file:\/\/\/Users\/tim\/Documents\/workspace\/swift\/apps\/dino-games\/DinoGames\/DinoGamesTests\/MarineReptileImageAssetsXCTests.swift#EndingLineNumber=20&StartingLineNumber=20"
                    }
                  },
                  "issueType" : {
                    "_type" : {
                      "_name" : "String"
                    },
                    "_value" : "Uncategorized"
                  },
                  "message" : {
                    "_type" : {
                      "_name" : "String"
                    },
                    "_value" : "XCTAssertTrue failed - Missing silhouette asset for marine-level-nine: expected marine-level-silhouette-nine"
                  },
                  "testCaseName" : {
                    "_type" : {
                      "_name" : "String"
                    },
                    "_value" : "MarineReptileImageAssetsXCTests.testMarineBaseAndSilhouetteAssetsArePaired()"
                  }
                },
                {
                  "_type" : {
                    "_name" : "TestFailureIssueSummary",
                    "_supertype" : {
                      "_name" : "IssueSummary"
                    }
                  },
                  "documentLocationInCreatingWorkspace" : {
                    "_type" : {
                      "_name" : "DocumentLocation"
                    },
                    "concreteTypeName" : {
                      "_type" : {
                        "_name" : "String"
                      },
                      "_value" : "DVTTextDocumentLocation"
                    },
                    "url" : {
                      "_type" : {
                        "_name" : "String"
                      },
                      "_value" : "file:\/\/\/Users\/tim\/Documents\/workspace\/swift\/apps\/dino-games\/DinoGames\/DinoGamesTests\/MarineReptileImageAssetsXCTests.swift#EndingLineNumber=20&StartingLineNumber=20"
                    }
                  },
                  "issueType" : {
                    "_type" : {
                      "_name" : "String"
                    },
                    "_value" : "Uncategorized"
                  },
                  "message" : {
                    "_type" : {
                      "_name" : "String"
                    },
                    "_value" : "XCTAssertTrue failed - Missing silhouette asset for marine-level-ten: expected marine-level-silhouette-ten"
                  },
                  "testCaseName" : {
                    "_type" : {
                      "_name" : "String"
                    },
                    "_value" : "MarineReptileImageAssetsXCTests.testMarineBaseAndSilhouetteAssetsArePaired()"
                  }
                },
                {
                  "_type" : {
                    "_name" : "TestFailureIssueSummary",
                    "_supertype" : {
                      "_name" : "IssueSummary"
                    }
                  },
                  "documentLocationInCreatingWorkspace" : {
                    "_type" : {
                      "_name" : "DocumentLocation"
                    },
                    "concreteTypeName" : {
                      "_type" : {
                        "_name" : "String"
                      },
                      "_value" : "DVTTextDocumentLocation"
                    },
                    "url" : {
                      "_type" : {
                        "_name" : "String"
                      },
                      "_value" : "file:\/\/\/Users\/tim\/Documents\/workspace\/swift\/apps\/dino-games\/DinoGames\/DinoGamesTests\/MarineReptileImageAssetsXCTests.swift#EndingLineNumber=20&StartingLineNumber=20"
                    }
                  },
                  "issueType" : {
                    "_type" : {
                      "_name" : "String"
                    },
                    "_value" : "Uncategorized"
                  },
                  "message" : {
                    "_type" : {
                      "_name" : "String"
                    },
                    "_value" : "XCTAssertTrue failed - Missing silhouette asset for marine-level-one: expected marine-level-silhouette-one"
                  },
                  "testCaseName" : {
                    "_type" : {
                      "_name" : "String"
                    },
                    "_value" : "MarineReptileImageAssetsXCTests.testMarineBaseAndSilhouetteAssetsArePaired()"
                  }
                },
                {
                  "_type" : {
                    "_name" : "TestFailureIssueSummary",
                    "_supertype" : {
                      "_name" : "IssueSummary"
                    }
                  },
                  "documentLocationInCreatingWorkspace" : {
                    "_type" : {
                      "_name" : "DocumentLocation"
                    },
                    "concreteTypeName" : {
                      "_type" : {
                        "_name" : "String"
                      },
                      "_value" : "DVTTextDocumentLocation"
                    },
                    "url" : {
                      "_type" : {
                        "_name" : "String"
                      },
                      "_value" : "file:\/\/\/Users\/tim\/Documents\/workspace\/swift\/apps\/dino-games\/DinoGames\/DinoGamesTests\/MarineReptileImageAssetsXCTests.swift#EndingLineNumber=20&StartingLineNumber=20"
                    }
                  },
                  "issueType" : {
                    "_type" : {
                      "_name" : "String"
                    },
                    "_value" : "Uncategorized"
                  },
                  "message" : {
                    "_type" : {
                      "_name" : "String"
                    },
                    "_value" : "XCTAssertTrue failed - Missing silhouette asset for marine-level-six: expected marine-level-silhouette-six"
                  },
                  "testCaseName" : {
                    "_type" : {
                      "_name" : "String"
                    },
                    "_value" : "MarineReptileImageAssetsXCTests.testMarineBaseAndSilhouetteAssetsArePaired()"
                  }
                },
                {
                  "_type" : {
                    "_name" : "TestFailureIssueSummary",
                    "_supertype" : {
                      "_name" : "IssueSummary"
                    }
                  },
                  "documentLocationInCreatingWorkspace" : {
                    "_type" : {
                      "_name" : "DocumentLocation"
                    },
                    "concreteTypeName" : {
                      "_type" : {
                        "_name" : "String"
                      },
                      "_value" : "DVTTextDocumentLocation"
                    },
                    "url" : {
                      "_type" : {
                        "_name" : "String"
                      },
                      "_value" : "file:\/\/\/Users\/tim\/Documents\/workspace\/swift\/apps\/dino-games\/DinoGames\/DinoGamesTests\/MarineReptileImageAssetsXCTests.swift#EndingLineNumber=20&StartingLineNumber=20"
                    }
                  },
                  "issueType" : {
                    "_type" : {
                      "_name" : "String"
                    },
                    "_value" : "Uncategorized"
                  },
                  "message" : {
                    "_type" : {
                      "_name" : "String"
                    },
                    "_value" : "XCTAssertTrue failed - Missing silhouette asset for marine-level-three: expected marine-level-silhouette-three"
                  },
                  "testCaseName" : {
                    "_type" : {
                      "_name" : "String"
                    },
                    "_value" : "MarineReptileImageAssetsXCTests.testMarineBaseAndSilhouetteAssetsArePaired()"
                  }
                },
                {
                  "_type" : {
                    "_name" : "TestFailureIssueSummary",
                    "_supertype" : {
                      "_name" : "IssueSummary"
                    }
                  },
                  "documentLocationInCreatingWorkspace" : {
                    "_type" : {
                      "_name" : "DocumentLocation"
                    },
                    "concreteTypeName" : {
                      "_type" : {
                        "_name" : "String"
                      },
                      "_value" : "DVTTextDocumentLocation"
                    },
                    "url" : {
                      "_type" : {
                        "_name" : "String"
                      },
                      "_value" : "file:\/\/\/Users\/tim\/Documents\/workspace\/swift\/apps\/dino-games\/DinoGames\/DinoGamesTests\/MarineReptileImageAssetsXCTests.swift#EndingLineNumber=20&StartingLineNumber=20"
                    }
                  },
                  "issueType" : {
                    "_type" : {
                      "_name" : "String"
                    },
                    "_value" : "Uncategorized"
                  },
                  "message" : {
                    "_type" : {
                      "_name" : "String"
                    },
                    "_value" : "XCTAssertTrue failed - Missing silhouette asset for marine-level-five: expected marine-level-silhouette-five"
                  },
                  "testCaseName" : {
                    "_type" : {
                      "_name" : "String"
                    },
                    "_value" : "MarineReptileImageAssetsXCTests.testMarineBaseAndSilhouetteAssetsArePaired()"
                  }
                },
                {
                  "_type" : {
                    "_name" : "TestFailureIssueSummary",
                    "_supertype" : {
                      "_name" : "IssueSummary"
                    }
                  },
                  "documentLocationInCreatingWorkspace" : {
                    "_type" : {
                      "_name" : "DocumentLocation"
                    },
                    "concreteTypeName" : {
                      "_type" : {
                        "_name" : "String"
                      },
                      "_value" : "DVTTextDocumentLocation"
                    },
                    "url" : {
                      "_type" : {
                        "_name" : "String"
                      },
                      "_value" : "file:\/\/\/Users\/tim\/Documents\/workspace\/swift\/apps\/dino-games\/DinoGames\/DinoGamesTests\/DinosaurSourceFilesXCTests.swift#EndingLineNumber=53&StartingLineNumber=53"
                    }
                  },
                  "issueType" : {
                    "_type" : {
                      "_name" : "String"
                    },
                    "_value" : "Uncategorized"
                  },
                  "message" : {
                    "_type" : {
                      "_name" : "String"
                    },
                    "_value" : "XCTAssertTrue failed - Missing dinosaur base images for JSON slugs: [\"microraptor\", \"triceratops\"]"
                  },
                  "testCaseName" : {
                    "_type" : {
                      "_name" : "String"
                    },
                    "_value" : "DinosaurSourceFilesXCTests.testDinosaurJSONSlugsHaveMatchingImageFiles()"
                  }
                },
                {
                  "_type" : {
                    "_name" : "TestFailureIssueSummary",
                    "_supertype" : {
                      "_name" : "IssueSummary"
                    }
                  },
                  "documentLocationInCreatingWorkspace" : {
                    "_type" : {
                      "_name" : "DocumentLocation"
                    },
                    "concreteTypeName" : {
                      "_type" : {
                        "_name" : "String"
                      },
                      "_value" : "DVTTextDocumentLocation"
                    },
                    "url" : {
                      "_type" : {
                        "_name" : "String"
                      },
                      "_value" : "file:\/\/\/Users\/tim\/Documents\/workspace\/swift\/apps\/dino-games\/DinoGames\/DinoGamesTests\/MarineReptileAudioFilesXCTests.swift#EndingLineNumber=65&StartingLineNumber=65"
                    }
                  },
                  "issueType" : {
                    "_type" : {
                      "_name" : "String"
                    },
                    "_value" : "Uncategorized"
                  },
                  "message" : {
                    "_type" : {
                      "_name" : "String"
                    },
                    "_value" : "XCTAssertTrue failed - Missing directory: \/Users\/tim\/Documents\/workspace\/swift\/apps\/dino-games\/DinoGames\/DinoGames\/Assets\/Audio\/Marine-Clades"
                  },
                  "testCaseName" : {
                    "_type" : {
                      "_name" : "String"
                    },
                    "_value" : "MarineReptileAudioFilesXCTests.testMarineCladeAudioFilesExist()"
                  }
                },
                {
                  "_type" : {
                    "_name" : "TestFailureIssueSummary",
                    "_supertype" : {
                      "_name" : "IssueSummary"
                    }
                  },
                  "documentLocationInCreatingWorkspace" : {
                    "_type" : {
                      "_name" : "DocumentLocation"
                    },
                    "concreteTypeName" : {
                      "_type" : {
                        "_name" : "String"
                      },
                      "_value" : "DVTTextDocumentLocation"
                    },
                    "url" : {
                      "_type" : {
                        "_name" : "String"
                      },
                      "_value" : "file:\/\/\/Users\/tim\/Documents\/workspace\/swift\/apps\/dino-games\/DinoGames\/DinoGamesTests\/MarineReptileAudioFilesXCTests.swift#EndingLineNumber=82&StartingLineNumber=82"
                    }
                  },
                  "issueType" : {
                    "_type" : {
                      "_name" : "String"
                    },
                    "_value" : "Uncategorized"
                  },
                  "message" : {
                    "_type" : {
                      "_name" : "String"
                    },
                    "_value" : "XCTAssertTrue failed - Missing marine clade audio under Marine-Clades\/: [\"clade-halisaur\", \"clade-ichthyosaur\", \"clade-mosasaur\", \"clade-nothosaur\", \"clade-plesiosaur\", \"clade-plioplatecarp\", \"clade-pliosaur\", \"clade-teleostei\", \"clade-testudine\", \"clade-thalattosuchia\", \"clade-tylosaur\"]"
                  },
                  "testCaseName" : {
                    "_type" : {
                      "_name" : "String"
                    },
                    "_value" : "MarineReptileAudioFilesXCTests.testMarineCladeAudioFilesExist()"
                  }
                },
                {
                  "_type" : {
                    "_name" : "TestFailureIssueSummary",
                    "_supertype" : {
                      "_name" : "IssueSummary"
                    }
                  },
                  "documentLocationInCreatingWorkspace" : {
                    "_type" : {
                      "_name" : "DocumentLocation"
                    },
                    "concreteTypeName" : {
                      "_type" : {
                        "_name" : "String"
                      },
                      "_value" : "DVTTextDocumentLocation"
                    },
                    "url" : {
                      "_type" : {
                        "_name" : "String"
                      },
                      "_value" : "file:\/\/\/Users\/tim\/Documents\/workspace\/swift\/apps\/dino-games\/DinoGames\/DinoGamesTests\/DinosaurImageAssetsXCTests.swift#EndingLineNumber=23&StartingLineNumber=23"
                    }
                  },
                  "issueType" : {
                    "_type" : {
                      "_name" : "String"
                    },
                    "_value" : "Uncategorized"
                  },
                  "message" : {
                    "_type" : {
                      "_name" : "String"
                    },
                    "_value" : "XCTAssertTrue failed - Missing silhouette asset for dino-deinocheirus: expected dino-silhouette-deinocheirus"
                  },
                  "testCaseName" : {
                    "_type" : {
                      "_name" : "String"
                    },
                    "_value" : "DinosaurImageAssetsXCTests.testDinosaurBaseAndSilhouetteAssetsArePaired()"
                  }
                },
                {
                  "_type" : {
                    "_name" : "TestFailureIssueSummary",
                    "_supertype" : {
                      "_name" : "IssueSummary"
                    }
                  },
                  "documentLocationInCreatingWorkspace" : {
                    "_type" : {
                      "_name" : "DocumentLocation"
                    },
                    "concreteTypeName" : {
                      "_type" : {
                        "_name" : "String"
                      },
                      "_value" : "DVTTextDocumentLocation"
                    },
                    "url" : {
                      "_type" : {
                        "_name" : "String"
                      },
                      "_value" : "file:\/\/\/Users\/tim\/Documents\/workspace\/swift\/apps\/dino-games\/DinoGames\/DinoGamesTests\/DinosaurImageAssetsXCTests.swift#EndingLineNumber=23&StartingLineNumber=23"
                    }
                  },
                  "issueType" : {
                    "_type" : {
                      "_name" : "String"
                    },
                    "_value" : "Uncategorized"
                  },
                  "message" : {
                    "_type" : {
                      "_name" : "String"
                    },
                    "_value" : "XCTAssertTrue failed - Missing silhouette asset for dino-riparovenator: expected dino-silhouette-riparovenator"
                  },
                  "testCaseName" : {
                    "_type" : {
                      "_name" : "String"
                    },
                    "_value" : "DinosaurImageAssetsXCTests.testDinosaurBaseAndSilhouetteAssetsArePaired()"
                  }
                },
                {
                  "_type" : {
                    "_name" : "TestFailureIssueSummary",
                    "_supertype" : {
                      "_name" : "IssueSummary"
                    }
                  },
                  "documentLocationInCreatingWorkspace" : {
                    "_type" : {
                      "_name" : "DocumentLocation"
                    },
                    "concreteTypeName" : {
                      "_type" : {
                        "_name" : "String"
                      },
                      "_value" : "DVTTextDocumentLocation"
                    },
                    "url" : {
                      "_type" : {
                        "_name" : "String"
                      },
                      "_value" : "file:\/\/\/Users\/tim\/Documents\/workspace\/swift\/apps\/dino-games\/DinoGames\/DinoGamesTests\/DinosaurImageAssetsXCTests.swift#EndingLineNumber=23&StartingLineNumber=23"
                    }
                  },
                  "issueType" : {
                    "_type" : {
                      "_name" : "String"
                    },
                    "_value" : "Uncategorized"
                  },
                  "message" : {
                    "_type" : {
                      "_name" : "String"
                    },
                    "_value" : "XCTAssertTrue failed - Missing silhouette asset for dino-fukuiraptor: expected dino-silhouette-fukuiraptor"
                  },
                  "testCaseName" : {
                    "_type" : {
                      "_name" : "String"
                    },
                    "_value" : "DinosaurImageAssetsXCTests.testDinosaurBaseAndSilhouetteAssetsArePaired()"
                  }
                },
                {
                  "_type" : {
                    "_name" : "TestFailureIssueSummary",
                    "_supertype" : {
                      "_name" : "IssueSummary"
                    }
                  },
                  "documentLocationInCreatingWorkspace" : {
                    "_type" : {
                      "_name" : "DocumentLocation"
                    },
                    "concreteTypeName" : {
                      "_type" : {
                        "_name" : "String"
                      },
                      "_value" : "DVTTextDocumentLocation"
                    },
                    "url" : {
                      "_type" : {
                        "_name" : "String"
                      },
                      "_value" : "file:\/\/\/Users\/tim\/Documents\/workspace\/swift\/apps\/dino-games\/DinoGames\/DinoGamesTests\/PterosaurRacingXCTests.swift#EndingLineNumber=38&StartingLineNumber=38"
                    }
                  },
                  "issueType" : {
                    "_type" : {
                      "_name" : "String"
                    },
                    "_value" : "Uncategorized"
                  },
                  "message" : {
                    "_type" : {
                      "_name" : "String"
                    },
                    "_value" : "XCTAssertEqual failed: (\"Optional(\"ptero-racer-spec-pterodactylus\")\") is not equal to (\"Optional(\"ptero-racer-spec-pteradactylus\")\")"
                  },
                  "testCaseName" : {
                    "_type" : {
                      "_name" : "String"
                    },
                    "_value" : "PterosaurRacingXCTests.testPteroRacingAssetBaseDerivedFromCatalogImageName()"
                  }
                }
              ]
            },
            "testWarningSummaries" : {
              "_type" : {
                "_name" : "Array"
              },
              "_values" : [
                {
                  "_type" : {
                    "_name" : "TestIssueSummary",
                    "_supertype" : {
                      "_name" : "IssueSummary"
                    }
                  },
                  "documentLocationInCreatingWorkspace" : {
                    "_type" : {
                      "_name" : "DocumentLocation"
                    },
                    "concreteTypeName" : {
                      "_type" : {
                        "_name" : "String"
                      },
                      "_value" : "DVTTextDocumentLocation"
                    }
                  },
                  "issueType" : {
                    "_type" : {
                      "_name" : "String"
                    },
                    "_value" : "Uncategorized"
                  },
                  "message" : {
                    "_type" : {
                      "_name" : "String"
                    },
                    "_value" : "[Internal] Thread running at User-interactive quality-of-service class waiting on a lower QoS thread running at Default quality-of-service class. Investigate ways to avoid priority inversions"
                  },
                  "testCaseName" : {
                    "_type" : {
                      "_name" : "String"
                    },
                    "_value" : "DinoGamesUITests.testExample()"
                  }
                },
                {
                  "_type" : {
                    "_name" : "TestIssueSummary",
                    "_supertype" : {
                      "_name" : "IssueSummary"
                    }
                  },
                  "documentLocationInCreatingWorkspace" : {
                    "_type" : {
                      "_name" : "DocumentLocation"
                    },
                    "concreteTypeName" : {
                      "_type" : {
                        "_name" : "String"
                      },
                      "_value" : "DVTTextDocumentLocation"
                    }
                  },
                  "issueType" : {
                    "_type" : {
                      "_name" : "String"
                    },
                    "_value" : "Uncategorized"
                  },
                  "message" : {
                    "_type" : {
                      "_name" : "String"
                    },
                    "_value" : "[Internal] Thread running at User-interactive quality-of-service class waiting on a lower QoS thread running at Default quality-of-service class. Investigate ways to avoid priority inversions"
                  },
                  "testCaseName" : {
                    "_type" : {
                      "_name" : "String"
                    },
                    "_value" : "DinoGamesUITests.testLaunchPerformance()"
                  }
                },
                {
                  "_type" : {
                    "_name" : "TestIssueSummary",
                    "_supertype" : {
                      "_name" : "IssueSummary"
                    }
                  },
                  "documentLocationInCreatingWorkspace" : {
                    "_type" : {
                      "_name" : "DocumentLocation"
                    },
                    "concreteTypeName" : {
                      "_type" : {
                        "_name" : "String"
                      },
                      "_value" : "DVTTextDocumentLocation"
                    }
                  },
                  "issueType" : {
                    "_type" : {
                      "_name" : "String"
                    },
                    "_value" : "Uncategorized"
                  },
                  "message" : {
                    "_type" : {
                      "_name" : "String"
                    },
                    "_value" : "[Internal] Thread running at User-interactive quality-of-service class waiting on a lower QoS thread running at Default quality-of-service class. Investigate ways to avoid priority inversions"
                  },
                  "testCaseName" : {
                    "_type" : {
                      "_name" : "String"
                    },
                    "_value" : "DinoGamesUITestsLaunchTests.testLaunch()"
                  }
                }
              ]
            }
          },
          "logRef" : {
            "_type" : {
              "_name" : "Reference"
            },
            "id" : {
              "_type" : {
                "_name" : "String"
              },
              "_value" : "0~0zyeCGZCDXQ9IM22CS2rN9VXoiDNYvYEPRGJD4F_9X6txDnaVL7uH4YqTgJKy21w_N9wDcccQ_dYechMyypOWw=="
            },
            "targetType" : {
              "_type" : {
                "_name" : "TypeDefinition"
              },
              "name" : {
                "_type" : {
                  "_name" : "String"
                },
                "_value" : "ActivityLogSection"
              }
            }
          },
          "metrics" : {
            "_type" : {
              "_name" : "ResultMetrics"
            },
            "testsCount" : {
              "_type" : {
                "_name" : "Int"
              },
              "_value" : "60"
            },
            "testsFailedCount" : {
              "_type" : {
                "_name" : "Int"
              },
              "_value" : "7"
            }
          },
          "resultName" : {
            "_type" : {
              "_name" : "String"
            },
            "_value" : "action"
          },
          "status" : {
            "_type" : {
              "_name" : "String"
            },
            "_value" : "failed"
          },
          "testsRef" : {
            "_type" : {
              "_name" : "Reference"
            },
            "id" : {
              "_type" : {
                "_name" : "String"
              },
              "_value" : "0~VEV-RSsEa7_rV2b1rTlrSJ4f4OA9jXyzryGQ7ogrCY_mctEEfNd5G46TskLzJmK4v6hXI9lZlC5xa14OAocSog=="
            },
            "targetType" : {
              "_type" : {
                "_name" : "TypeDefinition"
              },
              "name" : {
                "_type" : {
                  "_name" : "String"
                },
                "_value" : "ActionTestPlanRunSummaries"
              }
            }
          }
        },
        "buildResult" : {
          "_type" : {
            "_name" : "ActionResult"
          },
          "coverage" : {
            "_type" : {
              "_name" : "CodeCoverageInfo"
            }
          },
          "issues" : {
            "_type" : {
              "_name" : "ResultIssueSummaries"
            },
            "warningSummaries" : {
              "_type" : {
                "_name" : "Array"
              },
              "_values" : [
                {
                  "_type" : {
                    "_name" : "IssueSummary"
                  },
                  "documentLocationInCreatingWorkspace" : {
                    "_type" : {
                      "_name" : "DocumentLocation"
                    },
                    "concreteTypeName" : {
                      "_type" : {
                        "_name" : "String"
                      },
                      "_value" : "DVTTextDocumentLocation"
                    },
                    "url" : {
                      "_type" : {
                        "_name" : "String"
                      },
                      "_value" : "file:\/\/\/Users\/tim\/Documents\/workspace\/swift\/apps\/dino-games\/DinoGames\/DinoGamesTests\/PterosaurRacingXCTests.swift#EndingColumnNumber=31&EndingLineNumber=59&StartingColumnNumber=31&StartingLineNumber=59&Timestamp=800313691.63951"
                    }
                  },
                  "issueType" : {
                    "_type" : {
                      "_name" : "String"
                    },
                    "_value" : "IsolatedConformances"
                  },
                  "message" : {
                    "_type" : {
                      "_name" : "String"
                    },
                    "_value" : "Main actor-isolated conformance of 'AirPterosaurData.MesozoicSpan' to 'Equatable' cannot be used in nonisolated context; this is an error in the Swift 6 language mode"
                  }
                },
                {
                  "_type" : {
                    "_name" : "IssueSummary"
                  },
                  "documentLocationInCreatingWorkspace" : {
                    "_type" : {
                      "_name" : "DocumentLocation"
                    },
                    "concreteTypeName" : {
                      "_type" : {
                        "_name" : "String"
                      },
                      "_value" : "DVTTextDocumentLocation"
                    },
                    "url" : {
                      "_type" : {
                        "_name" : "String"
                      },
                      "_value" : "file:\/\/\/Users\/tim\/Documents\/workspace\/swift\/apps\/dino-games\/DinoGames\/DinoGamesTests\/PterosaurRacingXCTests.swift#EndingColumnNumber=52&EndingLineNumber=59&StartingColumnNumber=52&StartingLineNumber=59&Timestamp=800313691.63951"
                    }
                  },
                  "issueType" : {
                    "_type" : {
                      "_name" : "String"
                    },
                    "_value" : "IsolatedConformances"
                  },
                  "message" : {
                    "_type" : {
                      "_name" : "String"
                    },
                    "_value" : "Main actor-isolated conformance of 'AirPterosaurData.MesozoicSpan' to 'Equatable' cannot be used in nonisolated context; this is an error in the Swift 6 language mode"
                  }
                },
                {
                  "_type" : {
                    "_name" : "IssueSummary"
                  },
                  "documentLocationInCreatingWorkspace" : {
                    "_type" : {
                      "_name" : "DocumentLocation"
                    },
                    "concreteTypeName" : {
                      "_type" : {
                        "_name" : "String"
                      },
                      "_value" : "DVTTextDocumentLocation"
                    },
                    "url" : {
                      "_type" : {
                        "_name" : "String"
                      },
                      "_value" : "file:\/\/\/Users\/tim\/Documents\/workspace\/swift\/apps\/dino-games\/DinoGames\/DinoGamesTests\/PterosaurRacingXCTests.swift#EndingColumnNumber=31&EndingLineNumber=77&StartingColumnNumber=31&StartingLineNumber=77&Timestamp=800313691.63951"
                    }
                  },
                  "issueType" : {
                    "_type" : {
                      "_name" : "String"
                    },
                    "_value" : "IsolatedConformances"
                  },
                  "message" : {
                    "_type" : {
                      "_name" : "String"
                    },
                    "_value" : "Main actor-isolated conformance of 'AirPterosaurData.MesozoicSpan' to 'Equatable' cannot be used in nonisolated context; this is an error in the Swift 6 language mode"
                  }
                },
                {
                  "_type" : {
                    "_name" : "IssueSummary"
                  },
                  "documentLocationInCreatingWorkspace" : {
                    "_type" : {
                      "_name" : "DocumentLocation"
                    },
                    "concreteTypeName" : {
                      "_type" : {
                        "_name" : "String"
                      },
                      "_value" : "DVTTextDocumentLocation"
                    },
                    "url" : {
                      "_type" : {
                        "_name" : "String"
                      },
                      "_value" : "file:\/\/\/Users\/tim\/Documents\/workspace\/swift\/apps\/dino-games\/DinoGames\/DinoGamesTests\/PterosaurRacingXCTests.swift#EndingColumnNumber=54&EndingLineNumber=77&StartingColumnNumber=54&StartingLineNumber=77&Timestamp=800313691.63951"
                    }
                  },
                  "issueType" : {
                    "_type" : {
                      "_name" : "String"
                    },
                    "_value" : "IsolatedConformances"
                  },
                  "message" : {
                    "_type" : {
                      "_name" : "String"
                    },
                    "_value" : "Main actor-isolated conformance of 'AirPterosaurData.MesozoicSpan' to 'Equatable' cannot be used in nonisolated context; this is an error in the Swift 6 language mode"
                  }
                },
                {
                  "_type" : {
                    "_name" : "IssueSummary"
                  },
                  "issueType" : {
                    "_type" : {
                      "_name" : "String"
                    },
                    "_value" : "Warning"
                  },
                  "message" : {
                    "_type" : {
                      "_name" : "String"
                    },
                    "_value" : "'UIRequiresFullScreen' has been deprecated starting in iOS 26.0 and will be ignored in a future release. See the UIRequiresFullScreen documentation for more details."
                  }
                }
              ]
            }
          },
          "logRef" : {
            "_type" : {
              "_name" : "Reference"
            },
            "id" : {
              "_type" : {
                "_name" : "String"
              },
              "_value" : "0~RiwJLVeya71BZ_vtv45XE9gbE3yiu0LQh9Yb-_0Ns3VUt1xic5MqPZnR5iGcPW_uTKEOln1t98RD2BB5Fhc8AQ=="
            },
            "targetType" : {
              "_type" : {
                "_name" : "TypeDefinition"
              },
              "name" : {
                "_type" : {
                  "_name" : "String"
                },
                "_value" : "ActivityLogSection"
              }
            }
          },
          "metrics" : {
            "_type" : {
              "_name" : "ResultMetrics"
            },
            "warningCount" : {
              "_type" : {
                "_name" : "Int"
              },
              "_value" : "5"
            }
          },
          "resultName" : {
            "_type" : {
              "_name" : "String"
            },
            "_value" : "build"
          },
          "status" : {
            "_type" : {
              "_name" : "String"
            },
            "_value" : "succeeded"
          }
        },
        "endedTime" : {
          "_type" : {
            "_name" : "Date"
          },
          "_value" : "2026-05-12T14:25:10.626-0700"
        },
        "runDestination" : {
          "_type" : {
            "_name" : "ActionRunDestinationRecord"
          },
          "displayName" : {
            "_type" : {
              "_name" : "String"
            },
            "_value" : "iPhone 16e"
          },
          "localComputerRecord" : {
            "_type" : {
              "_name" : "ActionDeviceRecord"
            },
            "busSpeedInMHz" : {
              "_type" : {
                "_name" : "Int"
              },
              "_value" : "0"
            },
            "cpuCount" : {
              "_type" : {
                "_name" : "Int"
              },
              "_value" : "1"
            },
            "cpuKind" : {
              "_type" : {
                "_name" : "String"
              },
              "_value" : "Apple M4"
            },
            "cpuSpeedInMHz" : {
              "_type" : {
                "_name" : "Int"
              },
              "_value" : "0"
            },
            "identifier" : {
              "_type" : {
                "_name" : "String"
              },
              "_value" : "00008132-000548DC0CE3801C"
            },
            "isConcreteDevice" : {
              "_type" : {
                "_name" : "Bool"
              },
              "_value" : "true"
            },
            "logicalCPUCoresPerPackage" : {
              "_type" : {
                "_name" : "Int"
              },
              "_value" : "10"
            },
            "modelCode" : {
              "_type" : {
                "_name" : "String"
              },
              "_value" : "Mac16,13"
            },
            "modelName" : {
              "_type" : {
                "_name" : "String"
              },
              "_value" : "MacBook Air"
            },
            "modelUTI" : {
              "_type" : {
                "_name" : "String"
              },
              "_value" : "com.apple.macbookair-15-2025"
            },
            "name" : {
              "_type" : {
                "_name" : "String"
              },
              "_value" : "My Mac"
            },
            "nativeArchitecture" : {
              "_type" : {
                "_name" : "String"
              },
              "_value" : "arm64e"
            },
            "operatingSystemVersion" : {
              "_type" : {
                "_name" : "String"
              },
              "_value" : "26.4.1"
            },
            "operatingSystemVersionWithBuildNumber" : {
              "_type" : {
                "_name" : "String"
              },
              "_value" : "26.4.1 (25E253)"
            },
            "physicalCPUCoresPerPackage" : {
              "_type" : {
                "_name" : "Int"
              },
              "_value" : "10"
            },
            "platformRecord" : {
              "_type" : {
                "_name" : "ActionPlatformRecord"
              },
              "identifier" : {
                "_type" : {
                  "_name" : "String"
                },
                "_value" : "com.apple.platform.macosx"
              },
              "userDescription" : {
                "_type" : {
                  "_name" : "String"
                },
                "_value" : "macOS"
              }
            },
            "ramSizeInMegabytes" : {
              "_type" : {
                "_name" : "Int"
              },
              "_value" : "24576"
            }
          },
          "targetArchitecture" : {
            "_type" : {
              "_name" : "String"
            },
            "_value" : "arm64"
          },
          "targetDeviceRecord" : {
            "_type" : {
              "_name" : "ActionDeviceRecord"
            },
            "busSpeedInMHz" : {
              "_type" : {
                "_name" : "Int"
              },
              "_value" : "0"
            },
            "cpuCount" : {
              "_type" : {
                "_name" : "Int"
              },
              "_value" : "0"
            },
            "cpuSpeedInMHz" : {
              "_type" : {
                "_name" : "Int"
              },
              "_value" : "0"
            },
            "identifier" : {
              "_type" : {
                "_name" : "String"
              },
              "_value" : "222A0C39-7186-4276-A65A-CBAFEEC07476"
            },
            "isConcreteDevice" : {
              "_type" : {
                "_name" : "Bool"
              },
              "_value" : "true"
            },
            "logicalCPUCoresPerPackage" : {
              "_type" : {
                "_name" : "Int"
              },
              "_value" : "0"
            },
            "modelCode" : {
              "_type" : {
                "_name" : "String"
              },
              "_value" : "iPhone17,5"
            },
            "modelName" : {
              "_type" : {
                "_name" : "String"
              },
              "_value" : "iPhone 16e"
            },
            "modelUTI" : {
              "_type" : {
                "_name" : "String"
              },
              "_value" : "com.apple.iphone-16-e-1"
            },
            "name" : {
              "_type" : {
                "_name" : "String"
              },
              "_value" : "iPhone 16e"
            },
            "nativeArchitecture" : {
              "_type" : {
                "_name" : "String"
              },
              "_value" : "arm64"
            },
            "operatingSystemVersion" : {
              "_type" : {
                "_name" : "String"
              },
              "_value" : "26.2"
            },
            "operatingSystemVersionWithBuildNumber" : {
              "_type" : {
                "_name" : "String"
              },
              "_value" : "26.2 (23C54)"
            },
            "physicalCPUCoresPerPackage" : {
              "_type" : {
                "_name" : "Int"
              },
              "_value" : "0"
            },
            "platformRecord" : {
              "_type" : {
                "_name" : "ActionPlatformRecord"
              },
              "identifier" : {
                "_type" : {
                  "_name" : "String"
                },
                "_value" : "com.apple.platform.iphonesimulator"
              },
              "userDescription" : {
                "_type" : {
                  "_name" : "String"
                },
                "_value" : "iOS Simulator"
              }
            },
            "ramSizeInMegabytes" : {
              "_type" : {
                "_name" : "Int"
              },
              "_value" : "0"
            }
          },
          "targetSDKRecord" : {
            "_type" : {
              "_name" : "ActionSDKRecord"
            },
            "identifier" : {
              "_type" : {
                "_name" : "String"
              },
              "_value" : "iphonesimulator26.2"
            },
            "name" : {
              "_type" : {
                "_name" : "String"
              },
              "_value" : "Simulator - iOS 26.2"
            },
            "operatingSystemVersion" : {
              "_type" : {
                "_name" : "String"
              },
              "_value" : "26.2"
            }
          }
        },
        "schemeCommandName" : {
          "_type" : {
            "_name" : "String"
          },
          "_value" : "Test"
        },
        "schemeTaskName" : {
          "_type" : {
            "_name" : "String"
          },
          "_value" : "BuildAndAction"
        },
        "startedTime" : {
          "_type" : {
            "_name" : "Date"
          },
          "_value" : "2026-05-12T14:21:30.072-0700"
        },
        "testPlanName" : {
          "_type" : {
            "_name" : "String"
          },
          "_value" : "DinoGames"
        },
        "title" : {
          "_type" : {
            "_name" : "String"
          },
          "_value" : "Testing project DinoGames with scheme DinoGames"
        }
      }
    ]
  },
  "issues" : {
    "_type" : {
      "_name" : "ResultIssueSummaries"
    },
    "warningSummaries" : {
      "_type" : {
        "_name" : "Array"
      },
      "_values" : [
        {
          "_type" : {
            "_name" : "IssueSummary"
          },
          "documentLocationInCreatingWorkspace" : {
            "_type" : {
              "_name" : "DocumentLocation"
            },
            "concreteTypeName" : {
              "_type" : {
                "_name" : "String"
              },
              "_value" : "DVTTextDocumentLocation"
            },
            "url" : {
              "_type" : {
                "_name" : "String"
              },
              "_value" : "file:\/\/\/Users\/tim\/Documents\/workspace\/swift\/apps\/dino-games\/DinoGames\/DinoGamesTests\/PterosaurRacingXCTests.swift#EndingColumnNumber=31&EndingLineNumber=59&StartingColumnNumber=31&StartingLineNumber=59&Timestamp=800313691.63951"
            }
          },
          "issueType" : {
            "_type" : {
              "_name" : "String"
            },
            "_value" : "IsolatedConformances"
          },
          "message" : {
            "_type" : {
              "_name" : "String"
            },
            "_value" : "Main actor-isolated conformance of 'AirPterosaurData.MesozoicSpan' to 'Equatable' cannot be used in nonisolated context; this is an error in the Swift 6 language mode"
          }
        },
        {
          "_type" : {
            "_name" : "IssueSummary"
          },
          "documentLocationInCreatingWorkspace" : {
            "_type" : {
              "_name" : "DocumentLocation"
            },
            "concreteTypeName" : {
              "_type" : {
                "_name" : "String"
              },
              "_value" : "DVTTextDocumentLocation"
            },
            "url" : {
              "_type" : {
                "_name" : "String"
              },
              "_value" : "file:\/\/\/Users\/tim\/Documents\/workspace\/swift\/apps\/dino-games\/DinoGames\/DinoGamesTests\/PterosaurRacingXCTests.swift#EndingColumnNumber=52&EndingLineNumber=59&StartingColumnNumber=52&StartingLineNumber=59&Timestamp=800313691.63951"
            }
          },
          "issueType" : {
            "_type" : {
              "_name" : "String"
            },
            "_value" : "IsolatedConformances"
          },
          "message" : {
            "_type" : {
              "_name" : "String"
            },
            "_value" : "Main actor-isolated conformance of 'AirPterosaurData.MesozoicSpan' to 'Equatable' cannot be used in nonisolated context; this is an error in the Swift 6 language mode"
          }
        },
        {
          "_type" : {
            "_name" : "IssueSummary"
          },
          "documentLocationInCreatingWorkspace" : {
            "_type" : {
              "_name" : "DocumentLocation"
            },
            "concreteTypeName" : {
              "_type" : {
                "_name" : "String"
              },
              "_value" : "DVTTextDocumentLocation"
            },
            "url" : {
              "_type" : {
                "_name" : "String"
              },
              "_value" : "file:\/\/\/Users\/tim\/Documents\/workspace\/swift\/apps\/dino-games\/DinoGames\/DinoGamesTests\/PterosaurRacingXCTests.swift#EndingColumnNumber=31&EndingLineNumber=77&StartingColumnNumber=31&StartingLineNumber=77&Timestamp=800313691.63951"
            }
          },
          "issueType" : {
            "_type" : {
              "_name" : "String"
            },
            "_value" : "IsolatedConformances"
          },
          "message" : {
            "_type" : {
              "_name" : "String"
            },
            "_value" : "Main actor-isolated conformance of 'AirPterosaurData.MesozoicSpan' to 'Equatable' cannot be used in nonisolated context; this is an error in the Swift 6 language mode"
          }
        },
        {
          "_type" : {
            "_name" : "IssueSummary"
          },
          "documentLocationInCreatingWorkspace" : {
            "_type" : {
              "_name" : "DocumentLocation"
            },
            "concreteTypeName" : {
              "_type" : {
                "_name" : "String"
              },
              "_value" : "DVTTextDocumentLocation"
            },
            "url" : {
              "_type" : {
                "_name" : "String"
              },
              "_value" : "file:\/\/\/Users\/tim\/Documents\/workspace\/swift\/apps\/dino-games\/DinoGames\/DinoGamesTests\/PterosaurRacingXCTests.swift#EndingColumnNumber=54&EndingLineNumber=77&StartingColumnNumber=54&StartingLineNumber=77&Timestamp=800313691.63951"
            }
          },
          "issueType" : {
            "_type" : {
              "_name" : "String"
            },
            "_value" : "IsolatedConformances"
          },
          "message" : {
            "_type" : {
              "_name" : "String"
            },
            "_value" : "Main actor-isolated conformance of 'AirPterosaurData.MesozoicSpan' to 'Equatable' cannot be used in nonisolated context; this is an error in the Swift 6 language mode"
          }
        },
        {
          "_type" : {
            "_name" : "IssueSummary"
          },
          "issueType" : {
            "_type" : {
              "_name" : "String"
            },
            "_value" : "Warning"
          },
          "message" : {
            "_type" : {
              "_name" : "String"
            },
            "_value" : "'UIRequiresFullScreen' has been deprecated starting in iOS 26.0 and will be ignored in a future release. See the UIRequiresFullScreen documentation for more details."
          }
        }
      ]
    }
  },
  "metadataRef" : {
    "_type" : {
      "_name" : "Reference"
    },
    "id" : {
      "_type" : {
        "_name" : "String"
      },
      "_value" : "0~-kC04jppefWogs3hN1k-iO5Eu8eYUfj9F9kwqpam5UMiB2Twr3S-jA-0Hi5HIRvD4T3-TPKo3JE1YVyYeLuE4A=="
    },
    "targetType" : {
      "_type" : {
        "_name" : "TypeDefinition"
      },
      "name" : {
        "_type" : {
          "_name" : "String"
        },
        "_value" : "ActionsInvocationMetadata"
      }
    }
  },
  "metrics" : {
    "_type" : {
      "_name" : "ResultMetrics"
    },
    "testsCount" : {
      "_type" : {
        "_name" : "Int"
      },
      "_value" : "60"
    },
    "testsFailedCount" : {
      "_type" : {
        "_name" : "Int"
      },
      "_value" : "7"
    },
    "totalCoveragePercentage" : {
      "_type" : {
        "_name" : "Double"
      },
      "_value" : "0.10284000705591816"
    },
    "warningCount" : {
      "_type" : {
        "_name" : "Int"
      },
      "_value" : "5"
    }
  }
}
(⎈|N/A:N/A)tim@Timothys-MacBook-Air DinoGames % 

Metric	Value
testsCount
60
testsFailedCount
7
Failures (messages from testFailureSummaries):

PterosaurSourceFilesXCTests.testPterosaurJSONSlugsHaveMatchingImageFiles — missing pterosaur silhouette images for slugs: darwinpterus, eudimorphodon, quetzalcoatlus.
MarineReptileSourceFilesXCTests.testMarineJSONSlugsHaveMatchingImageFiles — long list of missing marine silhouette slugs (22 names).
MarineReptileImageAssetsXCTests.testMarineBaseAndSilhouetteAssetsArePaired — multiple asserts: missing marine-level-silhouette-* for levels one–ten.
DinosaurSourceFilesXCTests.testDinosaurJSONSlugsHaveMatchingImageFiles — missing base images for slugs: microraptor, triceratops.
MarineReptileAudioFilesXCTests.testMarineCladeAudioFilesExist — two related failures: missing directory
.../DinoGames/DinoGames/Assets/Audio/Marine-Clades
and missing clade stems under Marine-Clades/.
DinosaurImageAssetsXCTests.testDinosaurBaseAndSilhouetteAssetsArePaired — missing silhouettes for deinocheirus, riparovenator, fukuiraptor.
PterosaurRacingXCTests.testPteroRacingAssetBaseDerivedFromCatalogImageName — ptero-racer-spec-pterodactylus vs ptero-racer-spec-pteradactylus (spelling mismatch).
Warnings (testWarningSummaries): QoS / priority-inversion “[Internal]” messages on DinoGamesUITests.testExample, testLaunchPerformance, and DinoGamesUITestsLaunchTests.testLaunch() — not assertion failures.
